<html>
<body>
<pre>
<h1>µVision Build Log</h1>
<h2>Tool Versions:</h2>
IDE-Version: ¦ÌVision V5.14.0.0
Copyright (C) 2015 ARM Ltd and ARM Germany GmbH. All rights reserved.
License Information: eti eti, eti, LIC=KIVRA-1FENA-8YZVV-P3LGW-2CWLU-BCJ4K
 
Tool Versions:
Toolchain:       MDK-ARM Professional  Version: 5.14.0.0
Toolchain Path:  C:\Keil_v5\ARM\ARMCC\Bin
C Compiler:      Armcc.exe V5.05 update 1 (build 106)
Assembler:       Armasm.exe V5.05 update 1 (build 106)
Linker/Locator:  ArmLink.exe V5.05 update 1 (build 106)
Library Manager: ArmAr.exe V5.05 update 1 (build 106)
Hex Converter:   FromElf.exe V5.05 update 1 (build 106)
CPU DLL:         SARMCM3.DLL V5.14.0.0
Dialog DLL:      DCM.DLL V1.13.1.0
Target DLL:      STLink\ST-LINKIII-KEIL_SWO.dll V2.0.14.0_KEIL
Dialog DLL:      TCM.DLL V1.14.4.0
 
<h2>Project:</h2>
E:\Project\Practise\OLED_I2C\Obj\Oled.uvprojx
Project File Date:  08/18/2017

<h2>Output:</h2>
Build target 'Oled'
compiling gpio.c...
linking...
Program Size: Code=3998 RO-data=486 RW-data=8 ZI-data=1632  
".\Objects\Oled.axf" - 0 Error(s), 0 Warning(s).

<h2>Collection of Component include folders:</h2>
  E:\Project\Practise\OLED_I2C\Obj\RTE
  C:\Keil_v5\ARM\PACK\Keil\STM32F4xx_DFP\2.7.0

<h2>Collection of Component Files used:</h2>
</pre>
</body>
</html>
