Component: ARM Compiler 5.05 update 1 (build 106) Tool: armlink [4d0efa]

==============================================================================

Section Cross References

    stm32f4xx_hal.o(i.HAL_DeInit) refers to stm32f4xx_hal.o(i.HAL_MspDeInit) for HAL_MspDeInit
    stm32f4xx_hal.o(i.HAL_Delay) refers to stm32f4xx_hal.o(i.HAL_GetTick) for HAL_GetTick
    stm32f4xx_hal.o(i.HAL_GetTick) refers to stm32f4xx_hal.o(.data) for uwTick
    stm32f4xx_hal.o(i.HAL_IncTick) refers to stm32f4xx_hal.o(.data) for uwTick
    stm32f4xx_hal.o(i.HAL_Init) refers to stm32f4xx_hal_cortex.o(i.HAL_NVIC_SetPriorityGrouping) for HAL_NVIC_SetPriorityGrouping
    stm32f4xx_hal.o(i.HAL_Init) refers to stm32f4xx_hal.o(i.HAL_InitTick) for HAL_InitTick
    stm32f4xx_hal.o(i.HAL_Init) refers to stm32f4xx_hal_msp.o(i.HAL_MspInit) for HAL_MspInit
    stm32f4xx_hal.o(i.HAL_InitTick) refers to stm32f4xx_hal_cortex.o(i.HAL_SYSTICK_Config) for HAL_SYSTICK_Config
    stm32f4xx_hal.o(i.HAL_InitTick) refers to stm32f4xx_hal_cortex.o(i.HAL_NVIC_SetPriority) for HAL_NVIC_SetPriority
    stm32f4xx_hal.o(i.HAL_InitTick) refers to system_stm32f4xx.o(.data) for SystemCoreClock
    stm32f4xx_hal_cortex.o(i.HAL_NVIC_GetPriorityGrouping) refers to stm32f4xx_hal_cortex.o(i.NVIC_GetPriorityGrouping) for NVIC_GetPriorityGrouping
    stm32f4xx_hal_cortex.o(i.HAL_NVIC_SetPriority) refers to stm32f4xx_hal_cortex.o(i.NVIC_GetPriorityGrouping) for NVIC_GetPriorityGrouping
    stm32f4xx_hal_cortex.o(i.HAL_NVIC_SetPriority) refers to stm32f4xx_hal_cortex.o(i.NVIC_SetPriority) for NVIC_SetPriority
    stm32f4xx_hal_cortex.o(i.HAL_SYSTICK_Config) refers to stm32f4xx_hal_cortex.o(i.NVIC_SetPriority) for NVIC_SetPriority
    stm32f4xx_hal_cortex.o(i.HAL_SYSTICK_IRQHandler) refers to stm32f4xx_hal_cortex.o(i.HAL_SYSTICK_Callback) for HAL_SYSTICK_Callback
    stm32f4xx_hal_dma.o(i.DMA_CalcBaseAndBitshift) refers to stm32f4xx_hal_dma.o(.constdata) for flagBitshiftOffset
    stm32f4xx_hal_dma.o(i.HAL_DMA_Abort) refers to stm32f4xx_hal.o(i.HAL_GetTick) for HAL_GetTick
    stm32f4xx_hal_dma.o(i.HAL_DMA_DeInit) refers to stm32f4xx_hal_dma.o(i.DMA_CalcBaseAndBitshift) for DMA_CalcBaseAndBitshift
    stm32f4xx_hal_dma.o(i.HAL_DMA_IRQHandler) refers to system_stm32f4xx.o(.data) for SystemCoreClock
    stm32f4xx_hal_dma.o(i.HAL_DMA_Init) refers to stm32f4xx_hal.o(i.HAL_GetTick) for HAL_GetTick
    stm32f4xx_hal_dma.o(i.HAL_DMA_Init) refers to stm32f4xx_hal_dma.o(i.DMA_CheckFifoParam) for DMA_CheckFifoParam
    stm32f4xx_hal_dma.o(i.HAL_DMA_Init) refers to stm32f4xx_hal_dma.o(i.DMA_CalcBaseAndBitshift) for DMA_CalcBaseAndBitshift
    stm32f4xx_hal_dma.o(i.HAL_DMA_PollForTransfer) refers to stm32f4xx_hal.o(i.HAL_GetTick) for HAL_GetTick
    stm32f4xx_hal_dma.o(i.HAL_DMA_PollForTransfer) refers to stm32f4xx_hal_dma.o(i.HAL_DMA_Abort) for HAL_DMA_Abort
    stm32f4xx_hal_dma.o(i.HAL_DMA_Start) refers to stm32f4xx_hal_dma.o(i.DMA_SetConfig) for DMA_SetConfig
    stm32f4xx_hal_dma.o(i.HAL_DMA_Start_IT) refers to stm32f4xx_hal_dma.o(i.DMA_SetConfig) for DMA_SetConfig
    stm32f4xx_hal_dma_ex.o(i.HAL_DMAEx_MultiBufferStart) refers to stm32f4xx_hal_dma_ex.o(i.DMA_MultiBufferSetConfig) for DMA_MultiBufferSetConfig
    stm32f4xx_hal_dma_ex.o(i.HAL_DMAEx_MultiBufferStart_IT) refers to stm32f4xx_hal_dma_ex.o(i.DMA_MultiBufferSetConfig) for DMA_MultiBufferSetConfig
    stm32f4xx_hal_flash.o(i.FLASH_SetErrorCode) refers to stm32f4xx_hal_flash.o(.bss) for pFlash
    stm32f4xx_hal_flash.o(i.FLASH_WaitForLastOperation) refers to stm32f4xx_hal.o(i.HAL_GetTick) for HAL_GetTick
    stm32f4xx_hal_flash.o(i.FLASH_WaitForLastOperation) refers to stm32f4xx_hal_flash.o(i.FLASH_SetErrorCode) for FLASH_SetErrorCode
    stm32f4xx_hal_flash.o(i.FLASH_WaitForLastOperation) refers to stm32f4xx_hal_flash.o(.bss) for pFlash
    stm32f4xx_hal_flash.o(i.HAL_FLASH_GetError) refers to stm32f4xx_hal_flash.o(.bss) for pFlash
    stm32f4xx_hal_flash.o(i.HAL_FLASH_IRQHandler) refers to stm32f4xx_hal_flash.o(i.FLASH_SetErrorCode) for FLASH_SetErrorCode
    stm32f4xx_hal_flash.o(i.HAL_FLASH_IRQHandler) refers to stm32f4xx_hal_flash.o(i.HAL_FLASH_OperationErrorCallback) for HAL_FLASH_OperationErrorCallback
    stm32f4xx_hal_flash.o(i.HAL_FLASH_IRQHandler) refers to stm32f4xx_hal_flash.o(i.HAL_FLASH_EndOfOperationCallback) for HAL_FLASH_EndOfOperationCallback
    stm32f4xx_hal_flash.o(i.HAL_FLASH_IRQHandler) refers to stm32f4xx_hal_flash_ex.o(i.FLASH_Erase_Sector) for FLASH_Erase_Sector
    stm32f4xx_hal_flash.o(i.HAL_FLASH_IRQHandler) refers to stm32f4xx_hal_flash_ex.o(i.FLASH_FlushCaches) for FLASH_FlushCaches
    stm32f4xx_hal_flash.o(i.HAL_FLASH_IRQHandler) refers to stm32f4xx_hal_flash.o(.bss) for pFlash
    stm32f4xx_hal_flash.o(i.HAL_FLASH_OB_Launch) refers to stm32f4xx_hal_flash.o(i.FLASH_WaitForLastOperation) for FLASH_WaitForLastOperation
    stm32f4xx_hal_flash.o(i.HAL_FLASH_Program) refers to stm32f4xx_hal_flash.o(i.FLASH_WaitForLastOperation) for FLASH_WaitForLastOperation
[...]
    Removing stm32f4xx_hal_flash.o(i.FLASH_Program_HalfWord), (40 bytes).
    Removing stm32f4xx_hal_flash.o(i.FLASH_Program_Word), (40 bytes).
    Removing stm32f4xx_hal_flash.o(i.FLASH_SetErrorCode), (180 bytes).
    Removing stm32f4xx_hal_flash.o(i.FLASH_WaitForLastOperation), (100 bytes).
    Removing stm32f4xx_hal_flash.o(i.HAL_FLASH_EndOfOperationCallback), (2 bytes).
    Removing stm32f4xx_hal_flash.o(i.HAL_FLASH_GetError), (12 bytes).
    Removing stm32f4xx_hal_flash.o(i.HAL_FLASH_IRQHandler), (272 bytes).
    Removing stm32f4xx_hal_flash.o(i.HAL_FLASH_Lock), (20 bytes).
    Removing stm32f4xx_hal_flash.o(i.HAL_FLASH_OB_Launch), (28 bytes).
    Removing stm32f4xx_hal_flash.o(i.HAL_FLASH_OB_Lock), (20 bytes).
    Removing stm32f4xx_hal_flash.o(i.HAL_FLASH_OB_Unlock), (44 bytes).
    Removing stm32f4xx_hal_flash.o(i.HAL_FLASH_OperationErrorCallback), (2 bytes).
    Removing stm32f4xx_hal_flash.o(i.HAL_FLASH_Program), (152 bytes).
    Removing stm32f4xx_hal_flash.o(i.HAL_FLASH_Program_IT), (136 bytes).
    Removing stm32f4xx_hal_flash.o(i.HAL_FLASH_Unlock), (44 bytes).
    Removing stm32f4xx_hal_flash.o(.bss), (32 bytes).
    Removing stm32f4xx_hal_flash_ex.o(.rev16_text), (4 bytes).
    Removing stm32f4xx_hal_flash_ex.o(.revsh_text), (4 bytes).
    Removing stm32f4xx_hal_flash_ex.o(.rrx_text), (6 bytes).
    Removing stm32f4xx_hal_flash_ex.o(i.FLASH_Erase_Sector), (108 bytes).
    Removing stm32f4xx_hal_flash_ex.o(i.FLASH_FlushCaches), (120 bytes).
    Removing stm32f4xx_hal_flash_ex.o(i.FLASH_MassErase), (84 bytes).
    Removing stm32f4xx_hal_flash_ex.o(i.FLASH_OB_BOR_LevelConfig), (32 bytes).
    Removing stm32f4xx_hal_flash_ex.o(i.FLASH_OB_BootConfig), (48 bytes).
    Removing stm32f4xx_hal_flash_ex.o(i.FLASH_OB_DisablePCROP), (100 bytes).
    Removing stm32f4xx_hal_flash_ex.o(i.FLASH_OB_DisableWRP), (148 bytes).
    Removing stm32f4xx_hal_flash_ex.o(i.FLASH_OB_EnablePCROP), (104 bytes).
    Removing stm32f4xx_hal_flash_ex.o(i.FLASH_OB_EnableWRP), (140 bytes).
    Removing stm32f4xx_hal_flash_ex.o(i.FLASH_OB_GetBOR), (16 bytes).
    Removing stm32f4xx_hal_flash_ex.o(i.FLASH_OB_GetRDP), (36 bytes).
    Removing stm32f4xx_hal_flash_ex.o(i.FLASH_OB_GetUser), (16 bytes).
    Removing stm32f4xx_hal_flash_ex.o(i.FLASH_OB_GetWRP), (12 bytes).
    Removing stm32f4xx_hal_flash_ex.o(i.FLASH_OB_RDP_LevelConfig), (32 bytes).
    Removing stm32f4xx_hal_flash_ex.o(i.FLASH_OB_UserConfig), (60 bytes).
    Removing stm32f4xx_hal_flash_ex.o(i.HAL_FLASHEx_AdvOBGetConfig), (28 bytes).
    Removing stm32f4xx_hal_flash_ex.o(i.HAL_FLASHEx_AdvOBProgram), (68 bytes).
    Removing stm32f4xx_hal_flash_ex.o(i.HAL_FLASHEx_Erase), (176 bytes).
    Removing stm32f4xx_hal_flash_ex.o(i.HAL_FLASHEx_Erase_IT), (120 bytes).
    Removing stm32f4xx_hal_flash_ex.o(i.HAL_FLASHEx_OBGetConfig), (34 bytes).
    Removing stm32f4xx_hal_flash_ex.o(i.HAL_FLASHEx_OBProgram), (148 bytes).
    Removing stm32f4xx_hal_flash_ex.o(i.HAL_FLASHEx_OB_DeSelectPCROP), (24 bytes).
    Removing stm32f4xx_hal_flash_ex.o(i.HAL_FLASHEx_OB_GetBank2WRP), (12 bytes).
    Removing stm32f4xx_hal_flash_ex.o(i.HAL_FLASHEx_OB_SelectPCROP), (28 bytes).
    Removing stm32f4xx_hal_flash_ramfunc.o(.rev16_text), (4 bytes).
    Removing stm32f4xx_hal_flash_ramfunc.o(.revsh_text), (4 bytes).
    Removing stm32f4xx_hal_flash_ramfunc.o(.rrx_text), (6 bytes).
    Removing stm32f4xx_hal_fmpi2c.o(.rev16_text), (4 bytes).
    Removing stm32f4xx_hal_fmpi2c.o(.revsh_text), (4 bytes).
    Removing stm32f4xx_hal_fmpi2c.o(.rrx_text), (6 bytes).
    Removing stm32f4xx_hal_fmpi2c_ex.o(.rev16_text), (4 bytes).
    Removing stm32f4xx_hal_fmpi2c_ex.o(.revsh_text), (4 bytes).
    Removing stm32f4xx_hal_fmpi2c_ex.o(.rrx_text), (6 bytes).
    Removing stm32f4xx_hal_gpio.o(.rev16_text), (4 bytes).
    Removing stm32f4xx_hal_gpio.o(.revsh_text), (4 bytes).
    Removing stm32f4xx_hal_gpio.o(.rrx_text), (6 bytes).
    Removing stm32f4xx_hal_gpio.o(i.HAL_GPIO_DeInit), (384 bytes).
    Removing stm32f4xx_hal_gpio.o(i.HAL_GPIO_EXTI_Callback), (2 bytes).
    Removing stm32f4xx_hal_gpio.o(i.HAL_GPIO_EXTI_IRQHandler), (28 bytes).
    Removing stm32f4xx_hal_gpio.o(i.HAL_GPIO_LockPin), (46 bytes).
    Removing stm32f4xx_hal_gpio.o(i.HAL_GPIO_ReadPin), (16 bytes).
    Removing stm32f4xx_hal_hash.o(.rev16_text), (4 bytes).
    Removing stm32f4xx_hal_hash.o(.revsh_text), (4 bytes).
    Removing stm32f4xx_hal_hash.o(.rrx_text), (6 bytes).
    Removing stm32f4xx_hal_hash_ex.o(.rev16_text), (4 bytes).
    Removing stm32f4xx_hal_hash_ex.o(.revsh_text), (4 bytes).
    Removing stm32f4xx_hal_hash_ex.o(.rrx_text), (6 bytes).
    Removing stm32f4xx_hal_hcd.o(.rev16_text), (4 bytes).
    Removing stm32f4xx_hal_hcd.o(.revsh_text), (4 bytes).
    Removing stm32f4xx_hal_hcd.o(.rrx_text), (6 bytes).
    Removing stm32f4xx_hal_i2c.o(.rev16_text), (4 bytes).
    Removing stm32f4xx_hal_i2c.o(.revsh_text), (4 bytes).
    Removing stm32f4xx_hal_i2c.o(.rrx_text), (6 bytes).
    Removing stm32f4xx_hal_i2c_ex.o(.rev16_text), (4 bytes).
    Removing stm32f4xx_hal_i2c_ex.o(.revsh_text), (4 bytes).
    Removing stm32f4xx_hal_i2c_ex.o(.rrx_text), (6 bytes).
    Removing stm32f4xx_hal_i2s.o(.rev16_text), (4 bytes).
    Removing stm32f4xx_hal_i2s.o(.revsh_text), (4 bytes).
    Removing stm32f4xx_hal_i2s.o(.rrx_text), (6 bytes).
    Removing stm32f4xx_hal_i2s_ex.o(.rev16_text), (4 bytes).
    Removing stm32f4xx_hal_i2s_ex.o(.revsh_text), (4 bytes).
    Removing stm32f4xx_hal_i2s_ex.o(.rrx_text), (6 bytes).
    Removing stm32f4xx_hal_irda.o(.rev16_text), (4 bytes).
    Removing stm32f4xx_hal_irda.o(.revsh_text), (4 bytes).
    Removing stm32f4xx_hal_irda.o(.rrx_text), (6 bytes).
    Removing stm32f4xx_hal_iwdg.o(.rev16_text), (4 bytes).
    Removing stm32f4xx_hal_iwdg.o(.revsh_text), (4 bytes).
    Removing stm32f4xx_hal_iwdg.o(.rrx_text), (6 bytes).
    Removing stm32f4xx_hal_lptim.o(.rev16_text), (4 bytes).
    Removing stm32f4xx_hal_lptim.o(.revsh_text), (4 bytes).
    Removing stm32f4xx_hal_lptim.o(.rrx_text), (6 bytes).
    Removing stm32f4xx_hal_ltdc.o(.rev16_text), (4 bytes).
    Removing stm32f4xx_hal_ltdc.o(.revsh_text), (4 bytes).
    Removing stm32f4xx_hal_ltdc.o(.rrx_text), (6 bytes).
    Removing stm32f4xx_hal_ltdc_ex.o(.rev16_text), (4 bytes).
    Removing stm32f4xx_hal_ltdc_ex.o(.revsh_text), (4 bytes).
    Removing stm32f4xx_hal_ltdc_ex.o(.rrx_text), (6 bytes).
    Removing stm32f4xx_hal_mmc.o(.rev16_text), (4 bytes).
    Removing stm32f4xx_hal_mmc.o(.revsh_text), (4 bytes).
    Removing stm32f4xx_hal_mmc.o(.rrx_text), (6 bytes).
    Removing stm32f4xx_hal_nand.o(.rev16_text), (4 bytes).
    Removing stm32f4xx_hal_nand.o(.revsh_text), (4 bytes).
    Removing stm32f4xx_hal_nand.o(.rrx_text), (6 bytes).
    Removing stm32f4xx_hal_nor.o(.rev16_text), (4 bytes).
    Removing stm32f4xx_hal_nor.o(.revsh_text), (4 bytes).
    Removing stm32f4xx_hal_nor.o(.rrx_text), (6 bytes).
    Removing stm32f4xx_hal_pccard.o(.rev16_text), (4 bytes).
    Removing stm32f4xx_hal_pccard.o(.revsh_text), (4 bytes).
    Removing stm32f4xx_hal_pccard.o(.rrx_text), (6 bytes).
    Removing stm32f4xx_hal_pcd.o(.rev16_text), (4 bytes).
    Removing stm32f4xx_hal_pcd.o(.revsh_text), (4 bytes).
    Removing stm32f4xx_hal_pcd.o(.rrx_text), (6 bytes).
    Removing stm32f4xx_hal_pcd_ex.o(.rev16_text), (4 bytes).
    Removing stm32f4xx_hal_pcd_ex.o(.revsh_text), (4 bytes).
    Removing stm32f4xx_hal_pcd_ex.o(.rrx_text), (6 bytes).
    Removing stm32f4xx_hal_pwr.o(.rev16_text), (4 bytes).
    Removing stm32f4xx_hal_pwr.o(.revsh_text), (4 bytes).
    Removing stm32f4xx_hal_pwr.o(.rrx_text), (6 bytes).
    Removing stm32f4xx_hal_pwr.o(i.HAL_PWR_ConfigPVD), (180 bytes).
    Removing stm32f4xx_hal_pwr.o(i.HAL_PWR_DeInit), (28 bytes).
    Removing stm32f4xx_hal_pwr.o(i.HAL_PWR_DisableBkUpAccess), (28 bytes).
    Removing stm32f4xx_hal_pwr.o(i.HAL_PWR_DisablePVD), (24 bytes).
    Removing stm32f4xx_hal_pwr.o(i.HAL_PWR_DisableSEVOnPend), (20 bytes).
    Removing stm32f4xx_hal_pwr.o(i.HAL_PWR_DisableSleepOnExit), (20 bytes).
    Removing stm32f4xx_hal_pwr.o(i.HAL_PWR_DisableWakeUpPin), (16 bytes).
    Removing stm32f4xx_hal_pwr.o(i.HAL_PWR_EnableBkUpAccess), (24 bytes).
    Removing stm32f4xx_hal_pwr.o(i.HAL_PWR_EnablePVD), (24 bytes).
    Removing stm32f4xx_hal_pwr.o(i.HAL_PWR_EnableSEVOnPend), (20 bytes).
    Removing stm32f4xx_hal_pwr.o(i.HAL_PWR_EnableSleepOnExit), (20 bytes).
    Removing stm32f4xx_hal_pwr.o(i.HAL_PWR_EnableWakeUpPin), (16 bytes).
    Removing stm32f4xx_hal_pwr.o(i.HAL_PWR_EnterSLEEPMode), (32 bytes).
    Removing stm32f4xx_hal_pwr.o(i.HAL_PWR_EnterSTANDBYMode), (40 bytes).
    Removing stm32f4xx_hal_pwr.o(i.HAL_PWR_EnterSTOPMode), (64 bytes).
    Removing stm32f4xx_hal_pwr.o(i.HAL_PWR_PVDCallback), (2 bytes).
    Removing stm32f4xx_hal_pwr.o(i.HAL_PWR_PVD_IRQHandler), (32 bytes).
    Removing stm32f4xx_hal_pwr_ex.o(.rev16_text), (4 bytes).
    Removing stm32f4xx_hal_pwr_ex.o(.revsh_text), (4 bytes).
    Removing stm32f4xx_hal_pwr_ex.o(.rrx_text), (6 bytes).
    Removing stm32f4xx_hal_pwr_ex.o(i.HAL_PWREx_ControlVoltageScaling), (228 bytes).
    Removing stm32f4xx_hal_pwr_ex.o(i.HAL_PWREx_DisableBkUpReg), (76 bytes).
    Removing stm32f4xx_hal_pwr_ex.o(i.HAL_PWREx_DisableFlashPowerDown), (28 bytes).
    Removing stm32f4xx_hal_pwr_ex.o(i.HAL_PWREx_DisableOverDrive), (168 bytes).
    Removing stm32f4xx_hal_pwr_ex.o(i.HAL_PWREx_EnableBkUpReg), (76 bytes).
    Removing stm32f4xx_hal_pwr_ex.o(i.HAL_PWREx_EnableFlashPowerDown), (24 bytes).
    Removing stm32f4xx_hal_pwr_ex.o(i.HAL_PWREx_EnterUnderDriveSTOPMode), (128 bytes).
    Removing stm32f4xx_hal_pwr_ex.o(i.HAL_PWREx_GetVoltageRange), (16 bytes).
    Removing stm32f4xx_hal_qspi.o(.rev16_text), (4 bytes).
    Removing stm32f4xx_hal_qspi.o(.revsh_text), (4 bytes).
    Removing stm32f4xx_hal_qspi.o(.rrx_text), (6 bytes).
    Removing stm32f4xx_hal_rcc.o(.rev16_text), (4 bytes).
    Removing stm32f4xx_hal_rcc.o(.revsh_text), (4 bytes).
    Removing stm32f4xx_hal_rcc.o(.rrx_text), (6 bytes).
    Removing stm32f4xx_hal_rcc.o(i.HAL_RCC_CSSCallback), (2 bytes).
    Removing stm32f4xx_hal_rcc.o(i.HAL_RCC_DeInit), (2 bytes).
    Removing stm32f4xx_hal_rcc.o(i.HAL_RCC_DisableCSS), (12 bytes).
    Removing stm32f4xx_hal_rcc.o(i.HAL_RCC_EnableCSS), (12 bytes).
    Removing stm32f4xx_hal_rcc.o(i.HAL_RCC_GetClockConfig), (68 bytes).
    Removing stm32f4xx_hal_rcc.o(i.HAL_RCC_GetOscConfig), (296 bytes).
    Removing stm32f4xx_hal_rcc.o(i.HAL_RCC_GetPCLK1Freq), (44 bytes).
    Removing stm32f4xx_hal_rcc.o(i.HAL_RCC_GetPCLK2Freq), (44 bytes).
    Removing stm32f4xx_hal_rcc.o(i.HAL_RCC_MCOConfig), (192 bytes).
    Removing stm32f4xx_hal_rcc.o(i.HAL_RCC_NMI_IRQHandler), (32 bytes).
    Removing stm32f4xx_hal_rcc_ex.o(.rev16_text), (4 bytes).
    Removing stm32f4xx_hal_rcc_ex.o(.revsh_text), (4 bytes).
    Removing stm32f4xx_hal_rcc_ex.o(.rrx_text), (6 bytes).
    Removing stm32f4xx_hal_rcc_ex.o(i.HAL_RCCEx_GetPeriphCLKConfig), (268 bytes).
    Removing stm32f4xx_hal_rcc_ex.o(i.HAL_RCCEx_GetPeriphCLKFreq), (144 bytes).
    Removing stm32f4xx_hal_rcc_ex.o(i.HAL_RCCEx_PeriphCLKConfig), (880 bytes).
    Removing stm32f4xx_hal_rcc_ex.o(i.HAL_RCC_DeInit), (144 bytes).
    Removing stm32f4xx_hal_rng.o(.rev16_text), (4 bytes).
    Removing stm32f4xx_hal_rng.o(.revsh_text), (4 bytes).
    Removing stm32f4xx_hal_rng.o(.rrx_text), (6 bytes).
    Removing stm32f4xx_hal_rtc.o(.rev16_text), (4 bytes).
    Removing stm32f4xx_hal_rtc.o(.revsh_text), (4 bytes).
    Removing stm32f4xx_hal_rtc.o(.rrx_text), (6 bytes).
    Removing stm32f4xx_hal_rtc_ex.o(.rev16_text), (4 bytes).
    Removing stm32f4xx_hal_rtc_ex.o(.revsh_text), (4 bytes).
    Removing stm32f4xx_hal_rtc_ex.o(.rrx_text), (6 bytes).
    Removing stm32f4xx_hal_sai.o(.rev16_text), (4 bytes).
    Removing stm32f4xx_hal_sai.o(.revsh_text), (4 bytes).
    Removing stm32f4xx_hal_sai.o(.rrx_text), (6 bytes).
    Removing stm32f4xx_hal_sai_ex.o(.rev16_text), (4 bytes).
    Removing stm32f4xx_hal_sai_ex.o(.revsh_text), (4 bytes).
    Removing stm32f4xx_hal_sai_ex.o(.rrx_text), (6 bytes).
    Removing stm32f4xx_hal_sd.o(.rev16_text), (4 bytes).
    Removing stm32f4xx_hal_sd.o(.revsh_text), (4 bytes).
    Removing stm32f4xx_hal_sd.o(.rrx_text), (6 bytes).
    Removing stm32f4xx_hal_sdram.o(.rev16_text), (4 bytes).
    Removing stm32f4xx_hal_sdram.o(.revsh_text), (4 bytes).
    Removing stm32f4xx_hal_sdram.o(.rrx_text), (6 bytes).
    Removing stm32f4xx_hal_smartcard.o(.rev16_text), (4 bytes).
    Removing stm32f4xx_hal_smartcard.o(.revsh_text), (4 bytes).
    Removing stm32f4xx_hal_smartcard.o(.rrx_text), (6 bytes).
    Removing stm32f4xx_hal_spdifrx.o(.rev16_text), (4 bytes).
    Removing stm32f4xx_hal_spdifrx.o(.revsh_text), (4 bytes).
    Removing stm32f4xx_hal_spdifrx.o(.rrx_text), (6 bytes).
    Removing stm32f4xx_hal_spi.o(.rev16_text), (4 bytes).
    Removing stm32f4xx_hal_spi.o(.revsh_text), (4 bytes).
    Removing stm32f4xx_hal_spi.o(.rrx_text), (6 bytes).
    Removing stm32f4xx_hal_sram.o(.rev16_text), (4 bytes).
    Removing stm32f4xx_hal_sram.o(.revsh_text), (4 bytes).
    Removing stm32f4xx_hal_sram.o(.rrx_text), (6 bytes).
    Removing stm32f4xx_hal_tim.o(.rev16_text), (4 bytes).
    Removing stm32f4xx_hal_tim.o(.revsh_text), (4 bytes).
    Removing stm32f4xx_hal_tim.o(.rrx_text), (6 bytes).
    Removing stm32f4xx_hal_tim_ex.o(.rev16_text), (4 bytes).
    Removing stm32f4xx_hal_tim_ex.o(.revsh_text), (4 bytes).
    Removing stm32f4xx_hal_tim_ex.o(.rrx_text), (6 bytes).
    Removing stm32f4xx_hal_uart.o(.rev16_text), (4 bytes).
    Removing stm32f4xx_hal_uart.o(.revsh_text), (4 bytes).
    Removing stm32f4xx_hal_uart.o(.rrx_text), (6 bytes).
    Removing stm32f4xx_hal_usart.o(.rev16_text), (4 bytes).
    Removing stm32f4xx_hal_usart.o(.revsh_text), (4 bytes).
    Removing stm32f4xx_hal_usart.o(.rrx_text), (6 bytes).
    Removing stm32f4xx_hal_wwdg.o(.rev16_text), (4 bytes).
    Removing stm32f4xx_hal_wwdg.o(.revsh_text), (4 bytes).
    Removing stm32f4xx_hal_wwdg.o(.rrx_text), (6 bytes).
    Removing stm32f4xx_ll_fmc.o(.rev16_text), (4 bytes).
    Removing stm32f4xx_ll_fmc.o(.revsh_text), (4 bytes).
    Removing stm32f4xx_ll_fmc.o(.rrx_text), (6 bytes).
    Removing stm32f4xx_ll_fsmc.o(.rev16_text), (4 bytes).
    Removing stm32f4xx_ll_fsmc.o(.revsh_text), (4 bytes).
    Removing stm32f4xx_ll_fsmc.o(.rrx_text), (6 bytes).
    Removing stm32f4xx_ll_sdmmc.o(.rev16_text), (4 bytes).
    Removing stm32f4xx_ll_sdmmc.o(.revsh_text), (4 bytes).
    Removing stm32f4xx_ll_sdmmc.o(.rrx_text), (6 bytes).
    Removing stm32f4xx_ll_usb.o(.rev16_text), (4 bytes).
    Removing stm32f4xx_ll_usb.o(.revsh_text), (4 bytes).
    Removing stm32f4xx_ll_usb.o(.rrx_text), (6 bytes).
    Removing stm32f4xx_ll_utils.o(.rev16_text), (4 bytes).
    Removing stm32f4xx_ll_utils.o(.revsh_text), (4 bytes).
    Removing stm32f4xx_ll_utils.o(.rrx_text), (6 bytes).
    Removing stm32f4xx_ll_utils.o(i.LL_Init1msTick), (28 bytes).
    Removing stm32f4xx_ll_utils.o(i.LL_PLL_ConfigSystemClock_HSE), (152 bytes).
    Removing stm32f4xx_ll_utils.o(i.LL_PLL_ConfigSystemClock_HSI), (104 bytes).
    Removing stm32f4xx_ll_utils.o(i.LL_RCC_HSE_IsReady), (16 bytes).
    Removing stm32f4xx_ll_utils.o(i.LL_RCC_HSI_IsReady), (16 bytes).
    Removing stm32f4xx_ll_utils.o(i.LL_RCC_PLL_ConfigDomain_SYS), (48 bytes).
    Removing stm32f4xx_ll_utils.o(i.LL_RCC_PLL_IsReady), (16 bytes).
    Removing stm32f4xx_ll_utils.o(i.LL_SetSystemCoreClock), (12 bytes).
    Removing stm32f4xx_ll_utils.o(i.LL_mDelay), (40 bytes).
    Removing stm32f4xx_ll_utils.o(i.UTILS_EnablePLLAndSwitchSystem), (212 bytes).
    Removing stm32f4xx_ll_utils.o(i.UTILS_GetPLLOutputFrequency), (40 bytes).
    Removing stm32f4xx_ll_utils.o(i.UTILS_PLL_IsBusy), (48 bytes).
    Removing stm32f4xx_ll_utils.o(i.UTILS_SetFlashLatency), (268 bytes).
    Removing stm32f4xx_ll_utils.o(.constdata), (4 bytes).
    Removing gpio.o(.rev16_text), (4 bytes).
    Removing gpio.o(.revsh_text), (4 bytes).
    Removing gpio.o(.rrx_text), (6 bytes).
    Removing main.o(.rev16_text), (4 bytes).
    Removing main.o(.revsh_text), (4 bytes).
    Removing main.o(.rrx_text), (6 bytes).
    Removing stm32f4xx_hal_msp.o(.rev16_text), (4 bytes).
    Removing stm32f4xx_hal_msp.o(.revsh_text), (4 bytes).
    Removing stm32f4xx_hal_msp.o(.rrx_text), (6 bytes).
    Removing stm32f4xx_it.o(.rev16_text), (4 bytes).
    Removing stm32f4xx_it.o(.revsh_text), (4 bytes).
    Removing stm32f4xx_it.o(.rrx_text), (6 bytes).
    Removing system_stm32f4xx.o(.rev16_text), (4 bytes).
    Removing system_stm32f4xx.o(.revsh_text), (4 bytes).
    Removing system_stm32f4xx.o(.rrx_text), (6 bytes).
    Removing system_stm32f4xx.o(i.SystemCoreClockUpdate), (192 bytes).
    Removing myiic.o(.rev16_text), (4 bytes).
    Removing myiic.o(.revsh_text), (4 bytes).
    Removing myiic.o(.rrx_text), (6 bytes).
    Removing oled.o(.rev16_text), (4 bytes).
    Removing oled.o(.revsh_text), (4 bytes).
    Removing oled.o(.rrx_text), (6 bytes).
    Removing oled.o(i.OLED_CLS), (56 bytes).
    Removing oled.o(i.OLED_Clear), (40 bytes).
    Removing oled.o(i.OLED_DrawPoint), (104 bytes).
    Removing oled.o(i.OLED_Fill1), (58 bytes).

384 unused section(s) (total 16868 bytes) removed from the image.

==============================================================================

Image Symbol Table

    Local Symbols

    Symbol Name                              Value     Ov Type        Size  Object(Section)

    ../clib/angel/boardlib.s                 0x00000000   Number         0  boardinit3.o ABSOLUTE
    ../clib/angel/boardlib.s                 0x00000000   Number         0  boardinit2.o ABSOLUTE
    ../clib/angel/boardlib.s                 0x00000000   Number         0  boardinit1.o ABSOLUTE
    ../clib/angel/boardlib.s                 0x00000000   Number         0  boardshut.o ABSOLUTE
    ../clib/angel/handlers.s                 0x00000000   Number         0  __scatter_zi.o ABSOLUTE
    ../clib/angel/handlers.s                 0x00000000   Number         0  __scatter_copy.o ABSOLUTE
    ../clib/angel/kernel.s                   0x00000000   Number         0  rtexit2.o ABSOLUTE
    ../clib/angel/kernel.s                   0x00000000   Number         0  __rtentry4.o ABSOLUTE
    ../clib/angel/kernel.s                   0x00000000   Number         0  __rtentry2.o ABSOLUTE
    ../clib/angel/kernel.s                   0x00000000   Number         0  __rtentry.o ABSOLUTE
    ../clib/angel/kernel.s                   0x00000000   Number         0  rtexit.o ABSOLUTE
    ../clib/angel/rt.s                       0x00000000   Number         0  rt_raise.o ABSOLUTE
    ../clib/angel/scatter.s                  0x00000000   Number         0  __scatter.o ABSOLUTE
    ../clib/angel/startup.s                  0x00000000   Number         0  __main.o ABSOLUTE
    ../clib/angel/sys.s                      0x00000000   Number         0  sys_stackheap_outer.o ABSOLUTE
    ../clib/angel/sys.s                      0x00000000   Number         0  use_no_semi.o ABSOLUTE
    ../clib/angel/sys.s                      0x00000000   Number         0  indicate_semi.o ABSOLUTE
    ../clib/angel/sys.s                      0x00000000   Number         0  libspace.o ABSOLUTE
    ../clib/angel/sysapp.c                   0x00000000   Number         0  sys_command.o ABSOLUTE
    ../clib/angel/sysapp.c                   0x00000000   Number         0  sys_exit.o ABSOLUTE
    ../clib/angel/sysapp.c                   0x00000000   Number         0  sys_wrch.o ABSOLUTE
    ../clib/armsys.c                         0x00000000   Number         0  no_argv.o ABSOLUTE
    ../clib/armsys.c                         0x00000000   Number         0  argv_veneer.o ABSOLUTE
    ../clib/armsys.c                         0x00000000   Number         0  argv_veneer.o ABSOLUTE
    ../clib/armsys.c                         0x00000000   Number         0  _get_argv_nomalloc.o ABSOLUTE
    ../clib/heapalloc.c                      0x00000000   Number         0  hrguard.o ABSOLUTE
    ../clib/heapaux.c                        0x00000000   Number         0  heapauxi.o ABSOLUTE
    ../clib/libinit.s                        0x00000000   Number         0  libinit2.o ABSOLUTE
    ../clib/libinit.s                        0x00000000   Number         0  libinit.o ABSOLUTE
    ../clib/libinit.s                        0x00000000   Number         0  libshutdown2.o ABSOLUTE
    ../clib/libinit.s                        0x00000000   Number         0  libshutdown.o ABSOLUTE
    ../clib/signal.c                         0x00000000   Number         0  defsig_rtmem_outer.o ABSOLUTE
    ../clib/signal.c                         0x00000000   Number         0  defsig_rtmem_formal.o ABSOLUTE
    ../clib/signal.c                         0x00000000   Number         0  defsig_exit.o ABSOLUTE
    ../clib/signal.c                         0x00000000   Number         0  defsig_rtmem_inner.o ABSOLUTE
    ../clib/signal.c                         0x00000000   Number         0  __raise.o ABSOLUTE
    ../clib/signal.c                         0x00000000   Number         0  defsig_general.o ABSOLUTE
    ../clib/signal.c                         0x00000000   Number         0  defsig_pvfn_inner.o ABSOLUTE
    ../clib/signal.c                         0x00000000   Number         0  defsig_abrt_inner.o ABSOLUTE
    ../clib/signal.c                         0x00000000   Number         0  defsig_fpe_inner.o ABSOLUTE
    ../clib/signal.c                         0x00000000   Number         0  defsig_rtred_inner.o ABSOLUTE
    ../clib/signal.c                         0x00000000   Number         0  defsig_stak_inner.o ABSOLUTE
    ../clib/signal.c                         0x00000000   Number         0  defsig_cppl_inner.o ABSOLUTE
    ../clib/signal.c                         0x00000000   Number         0  defsig_segv_inner.o ABSOLUTE
    ../clib/signal.c                         0x00000000   Number         0  defsig_other.o ABSOLUTE
    ../clib/signal.s                         0x00000000   Number         0  defsig.o ABSOLUTE
    ../clib/stdlib.c                         0x00000000   Number         0  exit.o ABSOLUTE
    ../fplib/fpinit.s                        0x00000000   Number         0  fpinit.o ABSOLUTE
    ..\Bsp\Oled.c                            0x00000000   Number         0  oled.o ABSOLUTE
    ..\Bsp\myiic.c                           0x00000000   Number         0  myiic.o ABSOLUTE
    ..\Core\startup_stm32f429xx.s            0x00000000   Number         0  startup_stm32f429xx.o ABSOLUTE
    ..\Lib\Src\stm32f4xx_hal.c               0x00000000   Number         0  stm32f4xx_hal.o ABSOLUTE
    ..\Lib\Src\stm32f4xx_hal_adc.c           0x00000000   Number         0  stm32f4xx_hal_adc.o ABSOLUTE
    ..\Lib\Src\stm32f4xx_hal_adc_ex.c        0x00000000   Number         0  stm32f4xx_hal_adc_ex.o ABSOLUTE
    ..\Lib\Src\stm32f4xx_hal_can.c           0x00000000   Number         0  stm32f4xx_hal_can.o ABSOLUTE
    ..\Lib\Src\stm32f4xx_hal_cec.c           0x00000000   Number         0  stm32f4xx_hal_cec.o ABSOLUTE
    ..\Lib\Src\stm32f4xx_hal_cortex.c        0x00000000   Number         0  stm32f4xx_hal_cortex.o ABSOLUTE
    ..\Lib\Src\stm32f4xx_hal_crc.c           0x00000000   Number         0  stm32f4xx_hal_crc.o ABSOLUTE
    ..\Lib\Src\stm32f4xx_hal_cryp.c          0x00000000   Number         0  stm32f4xx_hal_cryp.o ABSOLUTE
    ..\Lib\Src\stm32f4xx_hal_cryp_ex.c       0x00000000   Number         0  stm32f4xx_hal_cryp_ex.o ABSOLUTE
    ..\Lib\Src\stm32f4xx_hal_dac.c           0x00000000   Number         0  stm32f4xx_hal_dac.o ABSOLUTE
    ..\Lib\Src\stm32f4xx_hal_dac_ex.c        0x00000000   Number         0  stm32f4xx_hal_dac_ex.o ABSOLUTE
    ..\Lib\Src\stm32f4xx_hal_dcmi.c          0x00000000   Number         0  stm32f4xx_hal_dcmi.o ABSOLUTE
    ..\Lib\Src\stm32f4xx_hal_dcmi_ex.c       0x00000000   Number         0  stm32f4xx_hal_dcmi_ex.o ABSOLUTE
    ..\Lib\Src\stm32f4xx_hal_dfsdm.c         0x00000000   Number         0  stm32f4xx_hal_dfsdm.o ABSOLUTE
    ..\Lib\Src\stm32f4xx_hal_dma.c           0x00000000   Number         0  stm32f4xx_hal_dma.o ABSOLUTE
    ..\Lib\Src\stm32f4xx_hal_dma2d.c         0x00000000   Number         0  stm32f4xx_hal_dma2d.o ABSOLUTE
    ..\Lib\Src\stm32f4xx_hal_dma_ex.c        0x00000000   Number         0  stm32f4xx_hal_dma_ex.o ABSOLUTE
    ..\Lib\Src\stm32f4xx_hal_dsi.c           0x00000000   Number         0  stm32f4xx_hal_dsi.o ABSOLUTE
    ..\Lib\Src\stm32f4xx_hal_eth.c           0x00000000   Number         0  stm32f4xx_hal_eth.o ABSOLUTE
    ..\Lib\Src\stm32f4xx_hal_flash.c         0x00000000   Number         0  stm32f4xx_hal_flash.o ABSOLUTE
    ..\Lib\Src\stm32f4xx_hal_flash_ex.c      0x00000000   Number         0  stm32f4xx_hal_flash_ex.o ABSOLUTE
    ..\Lib\Src\stm32f4xx_hal_flash_ramfunc.c 0x00000000   Number         0  stm32f4xx_hal_flash_ramfunc.o ABSOLUTE
    ..\Lib\Src\stm32f4xx_hal_fmpi2c.c        0x00000000   Number         0  stm32f4xx_hal_fmpi2c.o ABSOLUTE
    ..\Lib\Src\stm32f4xx_hal_fmpi2c_ex.c     0x00000000   Number         0  stm32f4xx_hal_fmpi2c_ex.o ABSOLUTE
    ..\Lib\Src\stm32f4xx_hal_gpio.c          0x00000000   Number         0  stm32f4xx_hal_gpio.o ABSOLUTE
    ..\Lib\Src\stm32f4xx_hal_hash.c          0x00000000   Number         0  stm32f4xx_hal_hash.o ABSOLUTE
    ..\Lib\Src\stm32f4xx_hal_hash_ex.c       0x00000000   Number         0  stm32f4xx_hal_hash_ex.o ABSOLUTE
    ..\Lib\Src\stm32f4xx_hal_hcd.c           0x00000000   Number         0  stm32f4xx_hal_hcd.o ABSOLUTE
    ..\Lib\Src\stm32f4xx_hal_i2c.c           0x00000000   Number         0  stm32f4xx_hal_i2c.o ABSOLUTE
    ..\Lib\Src\stm32f4xx_hal_i2c_ex.c        0x00000000   Number         0  stm32f4xx_hal_i2c_ex.o ABSOLUTE
    ..\Lib\Src\stm32f4xx_hal_i2s.c           0x00000000   Number         0  stm32f4xx_hal_i2s.o ABSOLUTE
    ..\Lib\Src\stm32f4xx_hal_i2s_ex.c        0x00000000   Number         0  stm32f4xx_hal_i2s_ex.o ABSOLUTE
    ..\Lib\Src\stm32f4xx_hal_irda.c          0x00000000   Number         0  stm32f4xx_hal_irda.o ABSOLUTE
    ..\Lib\Src\stm32f4xx_hal_iwdg.c          0x00000000   Number         0  stm32f4xx_hal_iwdg.o ABSOLUTE
    ..\Lib\Src\stm32f4xx_hal_lptim.c         0x00000000   Number         0  stm32f4xx_hal_lptim.o ABSOLUTE
    ..\Lib\Src\stm32f4xx_hal_ltdc.c          0x00000000   Number         0  stm32f4xx_hal_ltdc.o ABSOLUTE
    ..\Lib\Src\stm32f4xx_hal_ltdc_ex.c       0x00000000   Number         0  stm32f4xx_hal_ltdc_ex.o ABSOLUTE
    ..\Lib\Src\stm32f4xx_hal_mmc.c           0x00000000   Number         0  stm32f4xx_hal_mmc.o ABSOLUTE
    ..\Lib\Src\stm32f4xx_hal_nand.c          0x00000000   Number         0  stm32f4xx_hal_nand.o ABSOLUTE
    ..\Lib\Src\stm32f4xx_hal_nor.c           0x00000000   Number         0  stm32f4xx_hal_nor.o ABSOLUTE
    ..\Lib\Src\stm32f4xx_hal_pccard.c        0x00000000   Number         0  stm32f4xx_hal_pccard.o ABSOLUTE
    ..\Lib\Src\stm32f4xx_hal_pcd.c           0x00000000   Number         0  stm32f4xx_hal_pcd.o ABSOLUTE
    ..\Lib\Src\stm32f4xx_hal_pcd_ex.c        0x00000000   Number         0  stm32f4xx_hal_pcd_ex.o ABSOLUTE
    ..\Lib\Src\stm32f4xx_hal_pwr.c           0x00000000   Number         0  stm32f4xx_hal_pwr.o ABSOLUTE
    ..\Lib\Src\stm32f4xx_hal_pwr_ex.c        0x00000000   Number         0  stm32f4xx_hal_pwr_ex.o ABSOLUTE
    ..\Lib\Src\stm32f4xx_hal_qspi.c          0x00000000   Number         0  stm32f4xx_hal_qspi.o ABSOLUTE
    ..\Lib\Src\stm32f4xx_hal_rcc.c           0x00000000   Number         0  stm32f4xx_hal_rcc.o ABSOLUTE
    ..\Lib\Src\stm32f4xx_hal_rcc_ex.c        0x00000000   Number         0  stm32f4xx_hal_rcc_ex.o ABSOLUTE
    ..\Lib\Src\stm32f4xx_hal_rng.c           0x00000000   Number         0  stm32f4xx_hal_rng.o ABSOLUTE
    ..\Lib\Src\stm32f4xx_hal_rtc.c           0x00000000   Number         0  stm32f4xx_hal_rtc.o ABSOLUTE
    ..\Lib\Src\stm32f4xx_hal_rtc_ex.c        0x00000000   Number         0  stm32f4xx_hal_rtc_ex.o ABSOLUTE
    ..\Lib\Src\stm32f4xx_hal_sai.c           0x00000000   Number         0  stm32f4xx_hal_sai.o ABSOLUTE
    ..\Lib\Src\stm32f4xx_hal_sai_ex.c        0x00000000   Number         0  stm32f4xx_hal_sai_ex.o ABSOLUTE
    ..\Lib\Src\stm32f4xx_hal_sd.c            0x00000000   Number         0  stm32f4xx_hal_sd.o ABSOLUTE
    ..\Lib\Src\stm32f4xx_hal_sdram.c         0x00000000   Number         0  stm32f4xx_hal_sdram.o ABSOLUTE
    ..\Lib\Src\stm32f4xx_hal_smartcard.c     0x00000000   Number         0  stm32f4xx_hal_smartcard.o ABSOLUTE
    ..\Lib\Src\stm32f4xx_hal_spdifrx.c       0x00000000   Number         0  stm32f4xx_hal_spdifrx.o ABSOLUTE
    ..\Lib\Src\stm32f4xx_hal_spi.c           0x00000000   Number         0  stm32f4xx_hal_spi.o ABSOLUTE
    ..\Lib\Src\stm32f4xx_hal_sram.c          0x00000000   Number         0  stm32f4xx_hal_sram.o ABSOLUTE
    ..\Lib\Src\stm32f4xx_hal_tim.c           0x00000000   Number         0  stm32f4xx_hal_tim.o ABSOLUTE
    ..\Lib\Src\stm32f4xx_hal_tim_ex.c        0x00000000   Number         0  stm32f4xx_hal_tim_ex.o ABSOLUTE
    ..\Lib\Src\stm32f4xx_hal_uart.c          0x00000000   Number         0  stm32f4xx_hal_uart.o ABSOLUTE
    ..\Lib\Src\stm32f4xx_hal_usart.c         0x00000000   Number         0  stm32f4xx_hal_usart.o ABSOLUTE
    ..\Lib\Src\stm32f4xx_hal_wwdg.c          0x00000000   Number         0  stm32f4xx_hal_wwdg.o ABSOLUTE
    ..\Lib\Src\stm32f4xx_ll_adc.c            0x00000000   Number         0  stm32f4xx_ll_adc.o ABSOLUTE
    ..\Lib\Src\stm32f4xx_ll_crc.c            0x00000000   Number         0  stm32f4xx_ll_crc.o ABSOLUTE
    ..\Lib\Src\stm32f4xx_ll_dac.c            0x00000000   Number         0  stm32f4xx_ll_dac.o ABSOLUTE
    ..\Lib\Src\stm32f4xx_ll_dma.c            0x00000000   Number         0  stm32f4xx_ll_dma.o ABSOLUTE
    ..\Lib\Src\stm32f4xx_ll_dma2d.c          0x00000000   Number         0  stm32f4xx_ll_dma2d.o ABSOLUTE
    ..\Lib\Src\stm32f4xx_ll_exti.c           0x00000000   Number         0  stm32f4xx_ll_exti.o ABSOLUTE
    ..\Lib\Src\stm32f4xx_ll_fmc.c            0x00000000   Number         0  stm32f4xx_ll_fmc.o ABSOLUTE
    ..\Lib\Src\stm32f4xx_ll_fsmc.c           0x00000000   Number         0  stm32f4xx_ll_fsmc.o ABSOLUTE
    ..\Lib\Src\stm32f4xx_ll_gpio.c           0x00000000   Number         0  stm32f4xx_ll_gpio.o ABSOLUTE
    ..\Lib\Src\stm32f4xx_ll_i2c.c            0x00000000   Number         0  stm32f4xx_ll_i2c.o ABSOLUTE
    ..\Lib\Src\stm32f4xx_ll_lptim.c          0x00000000   Number         0  stm32f4xx_ll_lptim.o ABSOLUTE
    ..\Lib\Src\stm32f4xx_ll_pwr.c            0x00000000   Number         0  stm32f4xx_ll_pwr.o ABSOLUTE
    ..\Lib\Src\stm32f4xx_ll_rcc.c            0x00000000   Number         0  stm32f4xx_ll_rcc.o ABSOLUTE
    ..\Lib\Src\stm32f4xx_ll_rng.c            0x00000000   Number         0  stm32f4xx_ll_rng.o ABSOLUTE
    ..\Lib\Src\stm32f4xx_ll_rtc.c            0x00000000   Number         0  stm32f4xx_ll_rtc.o ABSOLUTE
    ..\Lib\Src\stm32f4xx_ll_sdmmc.c          0x00000000   Number         0  stm32f4xx_ll_sdmmc.o ABSOLUTE
    ..\Lib\Src\stm32f4xx_ll_spi.c            0x00000000   Number         0  stm32f4xx_ll_spi.o ABSOLUTE
    ..\Lib\Src\stm32f4xx_ll_tim.c            0x00000000   Number         0  stm32f4xx_ll_tim.o ABSOLUTE
    ..\Lib\Src\stm32f4xx_ll_usart.c          0x00000000   Number         0  stm32f4xx_ll_usart.o ABSOLUTE
    ..\Lib\Src\stm32f4xx_ll_usb.c            0x00000000   Number         0  stm32f4xx_ll_usb.o ABSOLUTE
    ..\Lib\Src\stm32f4xx_ll_utils.c          0x00000000   Number         0  stm32f4xx_ll_utils.o ABSOLUTE
    ..\User\Src\gpio.c                       0x00000000   Number         0  gpio.o ABSOLUTE
    ..\User\Src\main.c                       0x00000000   Number         0  main.o ABSOLUTE
    ..\User\Src\stm32f4xx_hal_msp.c          0x00000000   Number         0  stm32f4xx_hal_msp.o ABSOLUTE
    ..\User\Src\stm32f4xx_it.c               0x00000000   Number         0  stm32f4xx_it.o ABSOLUTE
    ..\User\Src\system_stm32f4xx.c           0x00000000   Number         0  system_stm32f4xx.o ABSOLUTE
    ..\\Bsp\\Oled.c                          0x00000000   Number         0  oled.o ABSOLUTE
    ..\\Bsp\\myiic.c                         0x00000000   Number         0  myiic.o ABSOLUTE
    ..\\Lib\\Src\\stm32f4xx_hal.c            0x00000000   Number         0  stm32f4xx_hal.o ABSOLUTE
    ..\\Lib\\Src\\stm32f4xx_hal_adc.c        0x00000000   Number         0  stm32f4xx_hal_adc.o ABSOLUTE
    ..\\Lib\\Src\\stm32f4xx_hal_adc_ex.c     0x00000000   Number         0  stm32f4xx_hal_adc_ex.o ABSOLUTE
    ..\\Lib\\Src\\stm32f4xx_hal_can.c        0x00000000   Number         0  stm32f4xx_hal_can.o ABSOLUTE
    ..\\Lib\\Src\\stm32f4xx_hal_cec.c        0x00000000   Number         0  stm32f4xx_hal_cec.o ABSOLUTE
    ..\\Lib\\Src\\stm32f4xx_hal_cortex.c     0x00000000   Number         0  stm32f4xx_hal_cortex.o ABSOLUTE
    ..\\Lib\\Src\\stm32f4xx_hal_crc.c        0x00000000   Number         0  stm32f4xx_hal_crc.o ABSOLUTE
    ..\\Lib\\Src\\stm32f4xx_hal_cryp.c       0x00000000   Number         0  stm32f4xx_hal_cryp.o ABSOLUTE
    ..\\Lib\\Src\\stm32f4xx_hal_cryp_ex.c    0x00000000   Number         0  stm32f4xx_hal_cryp_ex.o ABSOLUTE
    ..\\Lib\\Src\\stm32f4xx_hal_dac.c        0x00000000   Number         0  stm32f4xx_hal_dac.o ABSOLUTE
    ..\\Lib\\Src\\stm32f4xx_hal_dac_ex.c     0x00000000   Number         0  stm32f4xx_hal_dac_ex.o ABSOLUTE
    ..\\Lib\\Src\\stm32f4xx_hal_dcmi.c       0x00000000   Number         0  stm32f4xx_hal_dcmi.o ABSOLUTE
    ..\\Lib\\Src\\stm32f4xx_hal_dcmi_ex.c    0x00000000   Number         0  stm32f4xx_hal_dcmi_ex.o ABSOLUTE
    ..\\Lib\\Src\\stm32f4xx_hal_dfsdm.c      0x00000000   Number         0  stm32f4xx_hal_dfsdm.o ABSOLUTE
    ..\\Lib\\Src\\stm32f4xx_hal_dma.c        0x00000000   Number         0  stm32f4xx_hal_dma.o ABSOLUTE
    ..\\Lib\\Src\\stm32f4xx_hal_dma2d.c      0x00000000   Number         0  stm32f4xx_hal_dma2d.o ABSOLUTE
    ..\\Lib\\Src\\stm32f4xx_hal_dma_ex.c     0x00000000   Number         0  stm32f4xx_hal_dma_ex.o ABSOLUTE
    ..\\Lib\\Src\\stm32f4xx_hal_dsi.c        0x00000000   Number         0  stm32f4xx_hal_dsi.o ABSOLUTE
    ..\\Lib\\Src\\stm32f4xx_hal_eth.c        0x00000000   Number         0  stm32f4xx_hal_eth.o ABSOLUTE
    ..\\Lib\\Src\\stm32f4xx_hal_flash.c      0x00000000   Number         0  stm32f4xx_hal_flash.o ABSOLUTE
    ..\\Lib\\Src\\stm32f4xx_hal_flash_ex.c   0x00000000   Number         0  stm32f4xx_hal_flash_ex.o ABSOLUTE
    ..\\Lib\\Src\\stm32f4xx_hal_flash_ramfunc.c 0x00000000   Number         0  stm32f4xx_hal_flash_ramfunc.o ABSOLUTE
    ..\\Lib\\Src\\stm32f4xx_hal_fmpi2c.c     0x00000000   Number         0  stm32f4xx_hal_fmpi2c.o ABSOLUTE
    ..\\Lib\\Src\\stm32f4xx_hal_fmpi2c_ex.c  0x00000000   Number         0  stm32f4xx_hal_fmpi2c_ex.o ABSOLUTE
    ..\\Lib\\Src\\stm32f4xx_hal_gpio.c       0x00000000   Number         0  stm32f4xx_hal_gpio.o ABSOLUTE
    ..\\Lib\\Src\\stm32f4xx_hal_hash.c       0x00000000   Number         0  stm32f4xx_hal_hash.o ABSOLUTE
    ..\\Lib\\Src\\stm32f4xx_hal_hash_ex.c    0x00000000   Number         0  stm32f4xx_hal_hash_ex.o ABSOLUTE
    ..\\Lib\\Src\\stm32f4xx_hal_hcd.c        0x00000000   Number         0  stm32f4xx_hal_hcd.o ABSOLUTE
    ..\\Lib\\Src\\stm32f4xx_hal_i2c.c        0x00000000   Number         0  stm32f4xx_hal_i2c.o ABSOLUTE
    ..\\Lib\\Src\\stm32f4xx_hal_i2c_ex.c     0x00000000   Number         0  stm32f4xx_hal_i2c_ex.o ABSOLUTE
    ..\\Lib\\Src\\stm32f4xx_hal_i2s.c        0x00000000   Number         0  stm32f4xx_hal_i2s.o ABSOLUTE
    ..\\Lib\\Src\\stm32f4xx_hal_i2s_ex.c     0x00000000   Number         0  stm32f4xx_hal_i2s_ex.o ABSOLUTE
    ..\\Lib\\Src\\stm32f4xx_hal_irda.c       0x00000000   Number         0  stm32f4xx_hal_irda.o ABSOLUTE
    ..\\Lib\\Src\\stm32f4xx_hal_iwdg.c       0x00000000   Number         0  stm32f4xx_hal_iwdg.o ABSOLUTE
    ..\\Lib\\Src\\stm32f4xx_hal_lptim.c      0x00000000   Number         0  stm32f4xx_hal_lptim.o ABSOLUTE
    ..\\Lib\\Src\\stm32f4xx_hal_ltdc.c       0x00000000   Number         0  stm32f4xx_hal_ltdc.o ABSOLUTE
    ..\\Lib\\Src\\stm32f4xx_hal_ltdc_ex.c    0x00000000   Number         0  stm32f4xx_hal_ltdc_ex.o ABSOLUTE
    ..\\Lib\\Src\\stm32f4xx_hal_mmc.c        0x00000000   Number         0  stm32f4xx_hal_mmc.o ABSOLUTE
    ..\\Lib\\Src\\stm32f4xx_hal_nand.c       0x00000000   Number         0  stm32f4xx_hal_nand.o ABSOLUTE
    ..\\Lib\\Src\\stm32f4xx_hal_nor.c        0x00000000   Number         0  stm32f4xx_hal_nor.o ABSOLUTE
    ..\\Lib\\Src\\stm32f4xx_hal_pccard.c     0x00000000   Number         0  stm32f4xx_hal_pccard.o ABSOLUTE
    ..\\Lib\\Src\\stm32f4xx_hal_pcd.c        0x00000000   Number         0  stm32f4xx_hal_pcd.o ABSOLUTE
    ..\\Lib\\Src\\stm32f4xx_hal_pcd_ex.c     0x00000000   Number         0  stm32f4xx_hal_pcd_ex.o ABSOLUTE
    ..\\Lib\\Src\\stm32f4xx_hal_pwr.c        0x00000000   Number         0  stm32f4xx_hal_pwr.o ABSOLUTE
    ..\\Lib\\Src\\stm32f4xx_hal_pwr_ex.c     0x00000000   Number         0  stm32f4xx_hal_pwr_ex.o ABSOLUTE
    ..\\Lib\\Src\\stm32f4xx_hal_qspi.c       0x00000000   Number         0  stm32f4xx_hal_qspi.o ABSOLUTE
    ..\\Lib\\Src\\stm32f4xx_hal_rcc.c        0x00000000   Number         0  stm32f4xx_hal_rcc.o ABSOLUTE
    ..\\Lib\\Src\\stm32f4xx_hal_rcc_ex.c     0x00000000   Number         0  stm32f4xx_hal_rcc_ex.o ABSOLUTE
    ..\\Lib\\Src\\stm32f4xx_hal_rng.c        0x00000000   Number         0  stm32f4xx_hal_rng.o ABSOLUTE
    ..\\Lib\\Src\\stm32f4xx_hal_rtc.c        0x00000000   Number         0  stm32f4xx_hal_rtc.o ABSOLUTE
    ..\\Lib\\Src\\stm32f4xx_hal_rtc_ex.c     0x00000000   Number         0  stm32f4xx_hal_rtc_ex.o ABSOLUTE
    ..\\Lib\\Src\\stm32f4xx_hal_sai.c        0x00000000   Number         0  stm32f4xx_hal_sai.o ABSOLUTE
    ..\\Lib\\Src\\stm32f4xx_hal_sai_ex.c     0x00000000   Number         0  stm32f4xx_hal_sai_ex.o ABSOLUTE
    ..\\Lib\\Src\\stm32f4xx_hal_sd.c         0x00000000   Number         0  stm32f4xx_hal_sd.o ABSOLUTE
    ..\\Lib\\Src\\stm32f4xx_hal_sdram.c      0x00000000   Number         0  stm32f4xx_hal_sdram.o ABSOLUTE
    ..\\Lib\\Src\\stm32f4xx_hal_smartcard.c  0x00000000   Number         0  stm32f4xx_hal_smartcard.o ABSOLUTE
    ..\\Lib\\Src\\stm32f4xx_hal_spdifrx.c    0x00000000   Number         0  stm32f4xx_hal_spdifrx.o ABSOLUTE
    ..\\Lib\\Src\\stm32f4xx_hal_spi.c        0x00000000   Number         0  stm32f4xx_hal_spi.o ABSOLUTE
    ..\\Lib\\Src\\stm32f4xx_hal_sram.c       0x00000000   Number         0  stm32f4xx_hal_sram.o ABSOLUTE
    ..\\Lib\\Src\\stm32f4xx_hal_tim.c        0x00000000   Number         0  stm32f4xx_hal_tim.o ABSOLUTE
    ..\\Lib\\Src\\stm32f4xx_hal_tim_ex.c     0x00000000   Number         0  stm32f4xx_hal_tim_ex.o ABSOLUTE
    ..\\Lib\\Src\\stm32f4xx_hal_uart.c       0x00000000   Number         0  stm32f4xx_hal_uart.o ABSOLUTE
    ..\\Lib\\Src\\stm32f4xx_hal_usart.c      0x00000000   Number         0  stm32f4xx_hal_usart.o ABSOLUTE
    ..\\Lib\\Src\\stm32f4xx_hal_wwdg.c       0x00000000   Number         0  stm32f4xx_hal_wwdg.o ABSOLUTE
    ..\\Lib\\Src\\stm32f4xx_ll_fmc.c         0x00000000   Number         0  stm32f4xx_ll_fmc.o ABSOLUTE
    ..\\Lib\\Src\\stm32f4xx_ll_fsmc.c        0x00000000   Number         0  stm32f4xx_ll_fsmc.o ABSOLUTE
    ..\\Lib\\Src\\stm32f4xx_ll_sdmmc.c       0x00000000   Number         0  stm32f4xx_ll_sdmmc.o ABSOLUTE
    ..\\Lib\\Src\\stm32f4xx_ll_usb.c         0x00000000   Number         0  stm32f4xx_ll_usb.o ABSOLUTE
    ..\\Lib\\Src\\stm32f4xx_ll_utils.c       0x00000000   Number         0  stm32f4xx_ll_utils.o ABSOLUTE
    ..\\User\\Src\\gpio.c                    0x00000000   Number         0  gpio.o ABSOLUTE
    ..\\User\\Src\\main.c                    0x00000000   Number         0  main.o ABSOLUTE
    ..\\User\\Src\\stm32f4xx_hal_msp.c       0x00000000   Number         0  stm32f4xx_hal_msp.o ABSOLUTE
    ..\\User\\Src\\stm32f4xx_it.c            0x00000000   Number         0  stm32f4xx_it.o ABSOLUTE
    ..\\User\\Src\\system_stm32f4xx.c        0x00000000   Number         0  system_stm32f4xx.o ABSOLUTE
    dc.s                                     0x00000000   Number         0  dc.o ABSOLUTE
    RESET                                    0x08000000   Section      428  startup_stm32f429xx.o(RESET)
    !!!main                                  0x080001ac   Section        8  __main.o(!!!main)
    !!!scatter                               0x080001b4   Section       52  __scatter.o(!!!scatter)
    !!handler_copy                           0x080001e8   Section       26  __scatter_copy.o(!!handler_copy)
    !!handler_zi                             0x08000204   Section       28  __scatter_zi.o(!!handler_zi)
    .ARM.Collect$$libinit$$00000000          0x08000220   Section        2  libinit.o(.ARM.Collect$$libinit$$00000000)
    .ARM.Collect$$libinit$$00000001          0x08000222   Section        4  libinit2.o(.ARM.Collect$$libinit$$00000001)
    .ARM.Collect$$libinit$$00000004          0x08000226   Section        0  libinit2.o(.ARM.Collect$$libinit$$00000004)
    .ARM.Collect$$libinit$$0000000A          0x08000226   Section        0  libinit2.o(.ARM.Collect$$libinit$$0000000A)
    .ARM.Collect$$libinit$$0000000C          0x08000226   Section        0  libinit2.o(.ARM.Collect$$libinit$$0000000C)
    .ARM.Collect$$libinit$$0000000E          0x08000226   Section        0  libinit2.o(.ARM.Collect$$libinit$$0000000E)
    .ARM.Collect$$libinit$$00000011          0x08000226   Section        0  libinit2.o(.ARM.Collect$$libinit$$00000011)
    .ARM.Collect$$libinit$$00000013          0x08000226   Section        0  libinit2.o(.ARM.Collect$$libinit$$00000013)
    .ARM.Collect$$libinit$$00000015          0x08000226   Section        0  libinit2.o(.ARM.Collect$$libinit$$00000015)
    .ARM.Collect$$libinit$$00000017          0x08000226   Section        0  libinit2.o(.ARM.Collect$$libinit$$00000017)
    .ARM.Collect$$libinit$$00000019          0x08000226   Section        0  libinit2.o(.ARM.Collect$$libinit$$00000019)
    .ARM.Collect$$libinit$$0000001B          0x08000226   Section        0  libinit2.o(.ARM.Collect$$libinit$$0000001B)
    .ARM.Collect$$libinit$$0000001D          0x08000226   Section        0  libinit2.o(.ARM.Collect$$libinit$$0000001D)
    .ARM.Collect$$libinit$$0000001F          0x08000226   Section        0  libinit2.o(.ARM.Collect$$libinit$$0000001F)
    .ARM.Collect$$libinit$$00000021          0x08000226   Section        0  libinit2.o(.ARM.Collect$$libinit$$00000021)
    .ARM.Collect$$libinit$$00000023          0x08000226   Section        0  libinit2.o(.ARM.Collect$$libinit$$00000023)
    .ARM.Collect$$libinit$$00000025          0x08000226   Section        0  libinit2.o(.ARM.Collect$$libinit$$00000025)
    .ARM.Collect$$libinit$$0000002C          0x08000226   Section        0  libinit2.o(.ARM.Collect$$libinit$$0000002C)
    .ARM.Collect$$libinit$$0000002E          0x08000226   Section        0  libinit2.o(.ARM.Collect$$libinit$$0000002E)
    .ARM.Collect$$libinit$$00000030          0x08000226   Section        0  libinit2.o(.ARM.Collect$$libinit$$00000030)
    .ARM.Collect$$libinit$$00000032          0x08000226   Section        0  libinit2.o(.ARM.Collect$$libinit$$00000032)
    .ARM.Collect$$libinit$$00000033          0x08000226   Section        2  libinit2.o(.ARM.Collect$$libinit$$00000033)
    .ARM.Collect$$libshutdown$$00000000      0x08000228   Section        2  libshutdown.o(.ARM.Collect$$libshutdown$$00000000)
    .ARM.Collect$$libshutdown$$00000003      0x0800022a   Section        0  libshutdown2.o(.ARM.Collect$$libshutdown$$00000003)
    .ARM.Collect$$libshutdown$$00000006      0x0800022a   Section        0  libshutdown2.o(.ARM.Collect$$libshutdown$$00000006)
    .ARM.Collect$$libshutdown$$00000009      0x0800022a   Section        0  libshutdown2.o(.ARM.Collect$$libshutdown$$00000009)
    .ARM.Collect$$libshutdown$$0000000B      0x0800022a   Section        0  libshutdown2.o(.ARM.Collect$$libshutdown$$0000000B)
    .ARM.Collect$$libshutdown$$0000000E      0x0800022a   Section        0  libshutdown2.o(.ARM.Collect$$libshutdown$$0000000E)
    .ARM.Collect$$libshutdown$$0000000F      0x0800022a   Section        2  libshutdown2.o(.ARM.Collect$$libshutdown$$0000000F)
    .ARM.Collect$$rtentry$$00000000          0x0800022c   Section        0  __rtentry.o(.ARM.Collect$$rtentry$$00000000)
    .ARM.Collect$$rtentry$$00000002          0x0800022c   Section        0  __rtentry2.o(.ARM.Collect$$rtentry$$00000002)
    .ARM.Collect$$rtentry$$00000004          0x0800022c   Section        6  __rtentry4.o(.ARM.Collect$$rtentry$$00000004)
    .ARM.Collect$$rtentry$$00000009          0x08000232   Section        0  __rtentry2.o(.ARM.Collect$$rtentry$$00000009)
    .ARM.Collect$$rtentry$$0000000A          0x08000232   Section        4  __rtentry2.o(.ARM.Collect$$rtentry$$0000000A)
    .ARM.Collect$$rtentry$$0000000C          0x08000236   Section        0  __rtentry2.o(.ARM.Collect$$rtentry$$0000000C)
    .ARM.Collect$$rtentry$$0000000D          0x08000236   Section        8  __rtentry2.o(.ARM.Collect$$rtentry$$0000000D)
    .ARM.Collect$$rtexit$$00000000           0x0800023e   Section        2  rtexit.o(.ARM.Collect$$rtexit$$00000000)
    .ARM.Collect$$rtexit$$00000002           0x08000240   Section        0  rtexit2.o(.ARM.Collect$$rtexit$$00000002)
    .ARM.Collect$$rtexit$$00000003           0x08000240   Section        4  rtexit2.o(.ARM.Collect$$rtexit$$00000003)
    .ARM.Collect$$rtexit$$00000004           0x08000244   Section        6  rtexit2.o(.ARM.Collect$$rtexit$$00000004)
    .text                                    0x0800024c   Section       64  startup_stm32f429xx.o(.text)
    $v0                                      0x0800024c   Number         0  startup_stm32f429xx.o(.text)
    .text                                    0x0800028c   Section        0  heapauxi.o(.text)
    .text                                    0x08000292   Section       74  sys_stackheap_outer.o(.text)
    .text                                    0x080002dc   Section        0  exit.o(.text)
    .text                                    0x080002e8   Section        8  libspace.o(.text)
    .text                                    0x080002f0   Section        0  sys_exit.o(.text)
    .text                                    0x080002fc   Section        2  use_no_semi.o(.text)
    .text                                    0x080002fe   Section        0  indicate_semi.o(.text)
    i.BusFault_Handler                       0x080002fe   Section        0  stm32f4xx_it.o(i.BusFault_Handler)
    i.DebugMon_Handler                       0x08000302   Section        0  stm32f4xx_it.o(i.DebugMon_Handler)
    i.HAL_Delay                              0x08000304   Section        0  stm32f4xx_hal.o(i.HAL_Delay)
    i.HAL_GPIO_Init                          0x08000324   Section        0  stm32f4xx_hal_gpio.o(i.HAL_GPIO_Init)
    i.HAL_GPIO_TogglePin                     0x08000540   Section        0  stm32f4xx_hal_gpio.o(i.HAL_GPIO_TogglePin)
    i.HAL_GPIO_WritePin                      0x08000548   Section        0  stm32f4xx_hal_gpio.o(i.HAL_GPIO_WritePin)
    i.HAL_GetTick                            0x08000554   Section        0  stm32f4xx_hal.o(i.HAL_GetTick)
    i.HAL_IncTick                            0x08000560   Section        0  stm32f4xx_hal.o(i.HAL_IncTick)
    i.HAL_Init                               0x08000570   Section        0  stm32f4xx_hal.o(i.HAL_Init)
    i.HAL_InitTick                           0x080005ac   Section        0  stm32f4xx_hal.o(i.HAL_InitTick)
    i.HAL_MspInit                            0x080005d4   Section        0  stm32f4xx_hal_msp.o(i.HAL_MspInit)
    i.HAL_NVIC_SetPriority                   0x0800062a   Section        0  stm32f4xx_hal_cortex.o(i.HAL_NVIC_SetPriority)
    i.HAL_NVIC_SetPriorityGrouping           0x080006a8   Section        0  stm32f4xx_hal_cortex.o(i.HAL_NVIC_SetPriorityGrouping)
    i.HAL_PWREx_EnableOverDrive              0x080006d0   Section        0  stm32f4xx_hal_pwr_ex.o(i.HAL_PWREx_EnableOverDrive)
    i.HAL_RCC_ClockConfig                    0x08000774   Section        0  stm32f4xx_hal_rcc.o(i.HAL_RCC_ClockConfig)
    i.HAL_RCC_GetHCLKFreq                    0x08000944   Section        0  stm32f4xx_hal_rcc.o(i.HAL_RCC_GetHCLKFreq)
    i.HAL_RCC_GetSysClockFreq                0x08000950   Section        0  stm32f4xx_hal_rcc.o(i.HAL_RCC_GetSysClockFreq)
    i.HAL_RCC_OscConfig                      0x08000a04   Section        0  stm32f4xx_hal_rcc.o(i.HAL_RCC_OscConfig)
    i.HAL_SYSTICK_CLKSourceConfig            0x08000e50   Section        0  stm32f4xx_hal_cortex.o(i.HAL_SYSTICK_CLKSourceConfig)
    i.HAL_SYSTICK_Callback                   0x08000e78   Section        0  stm32f4xx_hal_cortex.o(i.HAL_SYSTICK_Callback)
    i.HAL_SYSTICK_Config                     0x08000e7a   Section        0  stm32f4xx_hal_cortex.o(i.HAL_SYSTICK_Config)
    i.HAL_SYSTICK_IRQHandler                 0x08000eae   Section        0  stm32f4xx_hal_cortex.o(i.HAL_SYSTICK_IRQHandler)
    i.HardFault_Handler                      0x08000eb6   Section        0  stm32f4xx_it.o(i.HardFault_Handler)
    i.IIC_Start                              0x08000ebc   Section        0  myiic.o(i.IIC_Start)
    i.IIC_Stop                               0x08000ef0   Section        0  myiic.o(i.IIC_Stop)
    i.MX_GPIO_Init                           0x08000f24   Section        0  gpio.o(i.MX_GPIO_Init)
    i.MemManage_Handler                      0x08000fd4   Section        0  stm32f4xx_it.o(i.MemManage_Handler)
    i.NMI_Handler                            0x08000fd8   Section        0  stm32f4xx_it.o(i.NMI_Handler)
    i.NVIC_GetPriorityGrouping               0x08000fdc   Section        0  stm32f4xx_hal_cortex.o(i.NVIC_GetPriorityGrouping)
    NVIC_GetPriorityGrouping                 0x08000fdd   Thumb Code    10  stm32f4xx_hal_cortex.o(i.NVIC_GetPriorityGrouping)
    i.NVIC_SetPriority                       0x08000fec   Section        0  stm32f4xx_hal_cortex.o(i.NVIC_SetPriority)
    NVIC_SetPriority                         0x08000fed   Thumb Code    32  stm32f4xx_hal_cortex.o(i.NVIC_SetPriority)
    i.OLED_Fill                              0x08001014   Section        0  oled.o(i.OLED_Fill)
    i.OLED_Init                              0x0800104e   Section        0  oled.o(i.OLED_Init)
    i.OLED_Refresh_Gram                      0x08001110   Section        0  oled.o(i.OLED_Refresh_Gram)
    i.OLED_Set_Pos                           0x08001154   Section        0  oled.o(i.OLED_Set_Pos)
    i.OLED_Test                              0x0800117c   Section        0  oled.o(i.OLED_Test)
    i.OLED_WrCmd                             0x080011b0   Section        0  oled.o(i.OLED_WrCmd)
    i.OLED_WrDat                             0x080011d0   Section        0  oled.o(i.OLED_WrDat)
    i.PendSV_Handler                         0x080011f0   Section        0  stm32f4xx_it.o(i.PendSV_Handler)
    i.SVC_Handler                            0x080011f2   Section        0  stm32f4xx_it.o(i.SVC_Handler)
    i.SysTick_Handler                        0x080011f4   Section        0  stm32f4xx_it.o(i.SysTick_Handler)
    i.SystemClock_Config                     0x08001200   Section        0  main.o(i.SystemClock_Config)
    i.SystemInit                             0x080012f0   Section        0  system_stm32f4xx.o(i.SystemInit)
    i.UsageFault_Handler                     0x08001354   Section        0  stm32f4xx_it.o(i.UsageFault_Handler)
    i.Write_IIC_Byte                         0x08001358   Section        0  myiic.o(i.Write_IIC_Byte)
    i._Error_Handler                         0x080013c4   Section        0  main.o(i._Error_Handler)
    i.delay                                  0x080013c8   Section        0  myiic.o(i.delay)
    i.main                                   0x080013e0   Section        0  main.o(i.main)
    x$fpl$fpinit                             0x08001410   Section       10  fpinit.o(x$fpl$fpinit)
    $v0                                      0x08001410   Number         0  fpinit.o(x$fpl$fpinit)
    .constdata                               0x0800141a   Section       24  system_stm32f4xx.o(.constdata)
    .data                                    0x20000000   Section        4  stm32f4xx_hal.o(.data)
    .data                                    0x20000004   Section        4  system_stm32f4xx.o(.data)
    .bss                                     0x20000008   Section     1024  oled.o(.bss)
    .bss                                     0x20000408   Section       96  libspace.o(.bss)
    HEAP                                     0x20000468   Section      512  startup_stm32f429xx.o(HEAP)
    Heap_Mem                                 0x20000468   Data         512  startup_stm32f429xx.o(HEAP)
    STACK                                    0x20000668   Section     1024  startup_stm32f429xx.o(STACK)
    Stack_Mem                                0x20000668   Data        1024  startup_stm32f429xx.o(STACK)
    __initial_sp                             0x20000a68   Data           0  startup_stm32f429xx.o(STACK)

    Global Symbols

    Symbol Name                              Value     Ov Type        Size  Object(Section)

    BuildAttributes$$THM_ISAv4$E$P$D$K$B$S$7EM$VFPi3$EXTD16$VFPS$VFMA$PE$A:L22UL41UL21$X:L11$S22US41US21$IEEE1$IW$USESV6$~STKCKD$USESV7$~SHL$OSPACE$ROPI$EBA8$UX$STANDARDLIB$REQ8$PRES8$EABIv2 0x00000000   Number         0  anon$$obj.o ABSOLUTE
    __ARM_use_no_argv                        0x00000000   Number         0  main.o ABSOLUTE
    __ARM_exceptions_init                     - Undefined Weak Reference
    __alloca_initialize                       - Undefined Weak Reference
    __arm_preinit_                            - Undefined Weak Reference
    __cpp_initialize__aeabi_                  - Undefined Weak Reference
    __cxa_finalize                            - Undefined Weak Reference
    __rt_locale                               - Undefined Weak Reference
    __sigvec_lookup                           - Undefined Weak Reference
    _atexit_init                              - Undefined Weak Reference
    _call_atexit_fns                          - Undefined Weak Reference
    _clock_init                               - Undefined Weak Reference
    _fp_trap_init                             - Undefined Weak Reference
    _fp_trap_shutdown                         - Undefined Weak Reference
    _get_lc_collate                           - Undefined Weak Reference
    _get_lc_ctype                             - Undefined Weak Reference
    _get_lc_monetary                          - Undefined Weak Reference
    _get_lc_numeric                           - Undefined Weak Reference
    _get_lc_time                              - Undefined Weak Reference
    _getenv_init                              - Undefined Weak Reference
    _handle_redirection                       - Undefined Weak Reference
    _init_alloc                               - Undefined Weak Reference
    _init_user_alloc                          - Undefined Weak Reference
    _initio                                   - Undefined Weak Reference
    _rand_init                                - Undefined Weak Reference
    _signal_finish                            - Undefined Weak Reference
    _signal_init                              - Undefined Weak Reference
    _terminate_alloc                          - Undefined Weak Reference
    _terminate_user_alloc                     - Undefined Weak Reference
    _terminateio                              - Undefined Weak Reference
    __Vectors_Size                           0x000001ac   Number         0  startup_stm32f429xx.o ABSOLUTE
    __Vectors                                0x08000000   Data           4  startup_stm32f429xx.o(RESET)
    __Vectors_End                            0x080001ac   Data           0  startup_stm32f429xx.o(RESET)
    __main                                   0x080001ad   Thumb Code     8  __main.o(!!!main)
    __scatterload                            0x080001b5   Thumb Code     0  __scatter.o(!!!scatter)
    __scatterload_rt2                        0x080001b5   Thumb Code    44  __scatter.o(!!!scatter)
    __scatterload_rt2_thumb_only             0x080001b5   Thumb Code     0  __scatter.o(!!!scatter)
    __scatterload_null                       0x080001c3   Thumb Code     0  __scatter.o(!!!scatter)
    __scatterload_copy                       0x080001e9   Thumb Code    26  __scatter_copy.o(!!handler_copy)
    __scatterload_zeroinit                   0x08000205   Thumb Code    28  __scatter_zi.o(!!handler_zi)
    __rt_lib_init                            0x08000221   Thumb Code     0  libinit.o(.ARM.Collect$$libinit$$00000000)
    __rt_lib_init_fp_1                       0x08000223   Thumb Code     0  libinit2.o(.ARM.Collect$$libinit$$00000001)
    __rt_lib_init_alloca_1                   0x08000227   Thumb Code     0  libinit2.o(.ARM.Collect$$libinit$$0000002E)
    __rt_lib_init_argv_1                     0x08000227   Thumb Code     0  libinit2.o(.ARM.Collect$$libinit$$0000002C)
    __rt_lib_init_atexit_1                   0x08000227   Thumb Code     0  libinit2.o(.ARM.Collect$$libinit$$0000001B)
    __rt_lib_init_clock_1                    0x08000227   Thumb Code     0  libinit2.o(.ARM.Collect$$libinit$$00000021)
    __rt_lib_init_cpp_1                      0x08000227   Thumb Code     0  libinit2.o(.ARM.Collect$$libinit$$00000032)
    __rt_lib_init_exceptions_1               0x08000227   Thumb Code     0  libinit2.o(.ARM.Collect$$libinit$$00000030)
    __rt_lib_init_fp_trap_1                  0x08000227   Thumb Code     0  libinit2.o(.ARM.Collect$$libinit$$0000001F)
    __rt_lib_init_getenv_1                   0x08000227   Thumb Code     0  libinit2.o(.ARM.Collect$$libinit$$00000023)
    __rt_lib_init_heap_1                     0x08000227   Thumb Code     0  libinit2.o(.ARM.Collect$$libinit$$0000000A)
    __rt_lib_init_lc_collate_1               0x08000227   Thumb Code     0  libinit2.o(.ARM.Collect$$libinit$$00000011)
    __rt_lib_init_lc_ctype_1                 0x08000227   Thumb Code     0  libinit2.o(.ARM.Collect$$libinit$$00000013)
    __rt_lib_init_lc_monetary_1              0x08000227   Thumb Code     0  libinit2.o(.ARM.Collect$$libinit$$00000015)
    __rt_lib_init_lc_numeric_1               0x08000227   Thumb Code     0  libinit2.o(.ARM.Collect$$libinit$$00000017)
    __rt_lib_init_lc_time_1                  0x08000227   Thumb Code     0  libinit2.o(.ARM.Collect$$libinit$$00000019)
    __rt_lib_init_preinit_1                  0x08000227   Thumb Code     0  libinit2.o(.ARM.Collect$$libinit$$00000004)
    __rt_lib_init_rand_1                     0x08000227   Thumb Code     0  libinit2.o(.ARM.Collect$$libinit$$0000000E)
    __rt_lib_init_return                     0x08000227   Thumb Code     0  libinit2.o(.ARM.Collect$$libinit$$00000033)
    __rt_lib_init_signal_1                   0x08000227   Thumb Code     0  libinit2.o(.ARM.Collect$$libinit$$0000001D)
    __rt_lib_init_stdio_1                    0x08000227   Thumb Code     0  libinit2.o(.ARM.Collect$$libinit$$00000025)
    __rt_lib_init_user_alloc_1               0x08000227   Thumb Code     0  libinit2.o(.ARM.Collect$$libinit$$0000000C)
    __rt_lib_shutdown                        0x08000229   Thumb Code     0  libshutdown.o(.ARM.Collect$$libshutdown$$00000000)
    __rt_lib_shutdown_fp_trap_1              0x0800022b   Thumb Code     0  libshutdown2.o(.ARM.Collect$$libshutdown$$00000006)
    __rt_lib_shutdown_heap_1                 0x0800022b   Thumb Code     0  libshutdown2.o(.ARM.Collect$$libshutdown$$0000000E)
    __rt_lib_shutdown_return                 0x0800022b   Thumb Code     0  libshutdown2.o(.ARM.Collect$$libshutdown$$0000000F)
    __rt_lib_shutdown_signal_1               0x0800022b   Thumb Code     0  libshutdown2.o(.ARM.Collect$$libshutdown$$00000009)
    __rt_lib_shutdown_stdio_1                0x0800022b   Thumb Code     0  libshutdown2.o(.ARM.Collect$$libshutdown$$00000003)
    __rt_lib_shutdown_user_alloc_1           0x0800022b   Thumb Code     0  libshutdown2.o(.ARM.Collect$$libshutdown$$0000000B)
    __rt_entry                               0x0800022d   Thumb Code     0  __rtentry.o(.ARM.Collect$$rtentry$$00000000)
    __rt_entry_presh_1                       0x0800022d   Thumb Code     0  __rtentry2.o(.ARM.Collect$$rtentry$$00000002)
    __rt_entry_sh                            0x0800022d   Thumb Code     0  __rtentry4.o(.ARM.Collect$$rtentry$$00000004)
    __rt_entry_li                            0x08000233   Thumb Code     0  __rtentry2.o(.ARM.Collect$$rtentry$$0000000A)
    __rt_entry_postsh_1                      0x08000233   Thumb Code     0  __rtentry2.o(.ARM.Collect$$rtentry$$00000009)
    __rt_entry_main                          0x08000237   Thumb Code     0  __rtentry2.o(.ARM.Collect$$rtentry$$0000000D)
    __rt_entry_postli_1                      0x08000237   Thumb Code     0  __rtentry2.o(.ARM.Collect$$rtentry$$0000000C)
    __rt_exit                                0x0800023f   Thumb Code     0  rtexit.o(.ARM.Collect$$rtexit$$00000000)
    __rt_exit_ls                             0x08000241   Thumb Code     0  rtexit2.o(.ARM.Collect$$rtexit$$00000003)
    __rt_exit_prels_1                        0x08000241   Thumb Code     0  rtexit2.o(.ARM.Collect$$rtexit$$00000002)
    __rt_exit_exit                           0x08000245   Thumb Code     0  rtexit2.o(.ARM.Collect$$rtexit$$00000004)
    Reset_Handler                            0x0800024d   Thumb Code     8  startup_stm32f429xx.o(.text)
    ADC_IRQHandler                           0x08000267   Thumb Code     0  startup_stm32f429xx.o(.text)
    CAN1_RX0_IRQHandler                      0x08000267   Thumb Code     0  startup_stm32f429xx.o(.text)
    CAN1_RX1_IRQHandler                      0x08000267   Thumb Code     0  startup_stm32f429xx.o(.text)
    CAN1_SCE_IRQHandler                      0x08000267   Thumb Code     0  startup_stm32f429xx.o(.text)
    CAN1_TX_IRQHandler                       0x08000267   Thumb Code     0  startup_stm32f429xx.o(.text)
    CAN2_RX0_IRQHandler                      0x08000267   Thumb Code     0  startup_stm32f429xx.o(.text)
    CAN2_RX1_IRQHandler                      0x08000267   Thumb Code     0  startup_stm32f429xx.o(.text)
    CAN2_SCE_IRQHandler                      0x08000267   Thumb Code     0  startup_stm32f429xx.o(.text)
    CAN2_TX_IRQHandler                       0x08000267   Thumb Code     0  startup_stm32f429xx.o(.text)
    DCMI_IRQHandler                          0x08000267   Thumb Code     0  startup_stm32f429xx.o(.text)
    DMA1_Stream0_IRQHandler                  0x08000267   Thumb Code     0  startup_stm32f429xx.o(.text)
    DMA1_Stream1_IRQHandler                  0x08000267   Thumb Code     0  startup_stm32f429xx.o(.text)
    DMA1_Stream2_IRQHandler                  0x08000267   Thumb Code     0  startup_stm32f429xx.o(.text)
    DMA1_Stream3_IRQHandler                  0x08000267   Thumb Code     0  startup_stm32f429xx.o(.text)
    DMA1_Stream4_IRQHandler                  0x08000267   Thumb Code     0  startup_stm32f429xx.o(.text)
    DMA1_Stream5_IRQHandler                  0x08000267   Thumb Code     0  startup_stm32f429xx.o(.text)
    DMA1_Stream6_IRQHandler                  0x08000267   Thumb Code     0  startup_stm32f429xx.o(.text)
    DMA1_Stream7_IRQHandler                  0x08000267   Thumb Code     0  startup_stm32f429xx.o(.text)
    DMA2D_IRQHandler                         0x08000267   Thumb Code     0  startup_stm32f429xx.o(.text)
    DMA2_Stream0_IRQHandler                  0x08000267   Thumb Code     0  startup_stm32f429xx.o(.text)
    DMA2_Stream1_IRQHandler                  0x08000267   Thumb Code     0  startup_stm32f429xx.o(.text)
    DMA2_Stream2_IRQHandler                  0x08000267   Thumb Code     0  startup_stm32f429xx.o(.text)
    DMA2_Stream3_IRQHandler                  0x08000267   Thumb Code     0  startup_stm32f429xx.o(.text)
    DMA2_Stream4_IRQHandler                  0x08000267   Thumb Code     0  startup_stm32f429xx.o(.text)
    DMA2_Stream5_IRQHandler                  0x08000267   Thumb Code     0  startup_stm32f429xx.o(.text)
    DMA2_Stream6_IRQHandler                  0x08000267   Thumb Code     0  startup_stm32f429xx.o(.text)
    DMA2_Stream7_IRQHandler                  0x08000267   Thumb Code     0  startup_stm32f429xx.o(.text)
    ETH_IRQHandler                           0x08000267   Thumb Code     0  startup_stm32f429xx.o(.text)
    ETH_WKUP_IRQHandler                      0x08000267   Thumb Code     0  startup_stm32f429xx.o(.text)
    EXTI0_IRQHandler                         0x08000267   Thumb Code     0  startup_stm32f429xx.o(.text)
    EXTI15_10_IRQHandler                     0x08000267   Thumb Code     0  startup_stm32f429xx.o(.text)
    EXTI1_IRQHandler                         0x08000267   Thumb Code     0  startup_stm32f429xx.o(.text)
    EXTI2_IRQHandler                         0x08000267   Thumb Code     0  startup_stm32f429xx.o(.text)
    EXTI3_IRQHandler                         0x08000267   Thumb Code     0  startup_stm32f429xx.o(.text)
    EXTI4_IRQHandler                         0x08000267   Thumb Code     0  startup_stm32f429xx.o(.text)
    EXTI9_5_IRQHandler                       0x08000267   Thumb Code     0  startup_stm32f429xx.o(.text)
    FLASH_IRQHandler                         0x08000267   Thumb Code     0  startup_stm32f429xx.o(.text)
    FMC_IRQHandler                           0x08000267   Thumb Code     0  startup_stm32f429xx.o(.text)
    FPU_IRQHandler                           0x08000267   Thumb Code     0  startup_stm32f429xx.o(.text)
    HASH_RNG_IRQHandler                      0x08000267   Thumb Code     0  startup_stm32f429xx.o(.text)
    I2C1_ER_IRQHandler                       0x08000267   Thumb Code     0  startup_stm32f429xx.o(.text)
    I2C1_EV_IRQHandler                       0x08000267   Thumb Code     0  startup_stm32f429xx.o(.text)
    I2C2_ER_IRQHandler                       0x08000267   Thumb Code     0  startup_stm32f429xx.o(.text)
    I2C2_EV_IRQHandler                       0x08000267   Thumb Code     0  startup_stm32f429xx.o(.text)
    I2C3_ER_IRQHandler                       0x08000267   Thumb Code     0  startup_stm32f429xx.o(.text)
    I2C3_EV_IRQHandler                       0x08000267   Thumb Code     0  startup_stm32f429xx.o(.text)
    LTDC_ER_IRQHandler                       0x08000267   Thumb Code     0  startup_stm32f429xx.o(.text)
    LTDC_IRQHandler                          0x08000267   Thumb Code     0  startup_stm32f429xx.o(.text)
    OTG_FS_IRQHandler                        0x08000267   Thumb Code     0  startup_stm32f429xx.o(.text)
    OTG_FS_WKUP_IRQHandler                   0x08000267   Thumb Code     0  startup_stm32f429xx.o(.text)
    OTG_HS_EP1_IN_IRQHandler                 0x08000267   Thumb Code     0  startup_stm32f429xx.o(.text)
    OTG_HS_EP1_OUT_IRQHandler                0x08000267   Thumb Code     0  startup_stm32f429xx.o(.text)
    OTG_HS_IRQHandler                        0x08000267   Thumb Code     0  startup_stm32f429xx.o(.text)
    OTG_HS_WKUP_IRQHandler                   0x08000267   Thumb Code     0  startup_stm32f429xx.o(.text)
    PVD_IRQHandler                           0x08000267   Thumb Code     0  startup_stm32f429xx.o(.text)
    RCC_IRQHandler                           0x08000267   Thumb Code     0  startup_stm32f429xx.o(.text)
    RTC_Alarm_IRQHandler                     0x08000267   Thumb Code     0  startup_stm32f429xx.o(.text)
    RTC_WKUP_IRQHandler                      0x08000267   Thumb Code     0  startup_stm32f429xx.o(.text)
    SAI1_IRQHandler                          0x08000267   Thumb Code     0  startup_stm32f429xx.o(.text)
    SDIO_IRQHandler                          0x08000267   Thumb Code     0  startup_stm32f429xx.o(.text)
    SPI1_IRQHandler                          0x08000267   Thumb Code     0  startup_stm32f429xx.o(.text)
    SPI2_IRQHandler                          0x08000267   Thumb Code     0  startup_stm32f429xx.o(.text)
    SPI3_IRQHandler                          0x08000267   Thumb Code     0  startup_stm32f429xx.o(.text)
    SPI4_IRQHandler                          0x08000267   Thumb Code     0  startup_stm32f429xx.o(.text)
    SPI5_IRQHandler                          0x08000267   Thumb Code     0  startup_stm32f429xx.o(.text)
    SPI6_IRQHandler                          0x08000267   Thumb Code     0  startup_stm32f429xx.o(.text)
    TAMP_STAMP_IRQHandler                    0x08000267   Thumb Code     0  startup_stm32f429xx.o(.text)
    TIM1_BRK_TIM9_IRQHandler                 0x08000267   Thumb Code     0  startup_stm32f429xx.o(.text)
    TIM1_CC_IRQHandler                       0x08000267   Thumb Code     0  startup_stm32f429xx.o(.text)
    TIM1_TRG_COM_TIM11_IRQHandler            0x08000267   Thumb Code     0  startup_stm32f429xx.o(.text)
    TIM1_UP_TIM10_IRQHandler                 0x08000267   Thumb Code     0  startup_stm32f429xx.o(.text)
    TIM2_IRQHandler                          0x08000267   Thumb Code     0  startup_stm32f429xx.o(.text)
    TIM3_IRQHandler                          0x08000267   Thumb Code     0  startup_stm32f429xx.o(.text)
    TIM4_IRQHandler                          0x08000267   Thumb Code     0  startup_stm32f429xx.o(.text)
    TIM5_IRQHandler                          0x08000267   Thumb Code     0  startup_stm32f429xx.o(.text)
    TIM6_DAC_IRQHandler                      0x08000267   Thumb Code     0  startup_stm32f429xx.o(.text)
    TIM7_IRQHandler                          0x08000267   Thumb Code     0  startup_stm32f429xx.o(.text)
    TIM8_BRK_TIM12_IRQHandler                0x08000267   Thumb Code     0  startup_stm32f429xx.o(.text)
    TIM8_CC_IRQHandler                       0x08000267   Thumb Code     0  startup_stm32f429xx.o(.text)
    TIM8_TRG_COM_TIM14_IRQHandler            0x08000267   Thumb Code     0  startup_stm32f429xx.o(.text)
    TIM8_UP_TIM13_IRQHandler                 0x08000267   Thumb Code     0  startup_stm32f429xx.o(.text)
    UART4_IRQHandler                         0x08000267   Thumb Code     0  startup_stm32f429xx.o(.text)
    UART5_IRQHandler                         0x08000267   Thumb Code     0  startup_stm32f429xx.o(.text)
    UART7_IRQHandler                         0x08000267   Thumb Code     0  startup_stm32f429xx.o(.text)
    UART8_IRQHandler                         0x08000267   Thumb Code     0  startup_stm32f429xx.o(.text)
    USART1_IRQHandler                        0x08000267   Thumb Code     0  startup_stm32f429xx.o(.text)
    USART2_IRQHandler                        0x08000267   Thumb Code     0  startup_stm32f429xx.o(.text)
    USART3_IRQHandler                        0x08000267   Thumb Code     0  startup_stm32f429xx.o(.text)
    USART6_IRQHandler                        0x08000267   Thumb Code     0  startup_stm32f429xx.o(.text)
    WWDG_IRQHandler                          0x08000267   Thumb Code     0  startup_stm32f429xx.o(.text)
    __user_initial_stackheap                 0x08000269   Thumb Code     0  startup_stm32f429xx.o(.text)
    __use_two_region_memory                  0x0800028d   Thumb Code     2  heapauxi.o(.text)
    __rt_heap_escrow$2region                 0x0800028f   Thumb Code     2  heapauxi.o(.text)
    __rt_heap_expand$2region                 0x08000291   Thumb Code     2  heapauxi.o(.text)
    __user_setup_stackheap                   0x08000293   Thumb Code    74  sys_stackheap_outer.o(.text)
    exit                                     0x080002dd   Thumb Code    12  exit.o(.text)
    __user_libspace                          0x080002e9   Thumb Code     8  libspace.o(.text)
    __user_perproc_libspace                  0x080002e9   Thumb Code     0  libspace.o(.text)
    __user_perthread_libspace                0x080002e9   Thumb Code     0  libspace.o(.text)
    _sys_exit                                0x080002f1   Thumb Code     8  sys_exit.o(.text)
    __I$use$semihosting                      0x080002fd   Thumb Code     0  use_no_semi.o(.text)
    __use_no_semihosting_swi                 0x080002fd   Thumb Code     2  use_no_semi.o(.text)
    BusFault_Handler                         0x080002ff   Thumb Code     4  stm32f4xx_it.o(i.BusFault_Handler)
    __semihosting_library_function           0x080002ff   Thumb Code     0  indicate_semi.o(.text)
    DebugMon_Handler                         0x08000303   Thumb Code     2  stm32f4xx_it.o(i.DebugMon_Handler)
    HAL_Delay                                0x08000305   Thumb Code    30  stm32f4xx_hal.o(i.HAL_Delay)
    HAL_GPIO_Init                            0x08000325   Thumb Code   486  stm32f4xx_hal_gpio.o(i.HAL_GPIO_Init)
    HAL_GPIO_TogglePin                       0x08000541   Thumb Code     8  stm32f4xx_hal_gpio.o(i.HAL_GPIO_TogglePin)
    HAL_GPIO_WritePin                        0x08000549   Thumb Code    12  stm32f4xx_hal_gpio.o(i.HAL_GPIO_WritePin)
    HAL_GetTick                              0x08000555   Thumb Code     6  stm32f4xx_hal.o(i.HAL_GetTick)
    HAL_IncTick                              0x08000561   Thumb Code    12  stm32f4xx_hal.o(i.HAL_IncTick)
    HAL_Init                                 0x08000571   Thumb Code    54  stm32f4xx_hal.o(i.HAL_Init)
    HAL_InitTick                             0x080005ad   Thumb Code    36  stm32f4xx_hal.o(i.HAL_InitTick)
    HAL_MspInit                              0x080005d5   Thumb Code    86  stm32f4xx_hal_msp.o(i.HAL_MspInit)
    HAL_NVIC_SetPriority                     0x0800062b   Thumb Code   124  stm32f4xx_hal_cortex.o(i.HAL_NVIC_SetPriority)
    HAL_NVIC_SetPriorityGrouping             0x080006a9   Thumb Code    32  stm32f4xx_hal_cortex.o(i.HAL_NVIC_SetPriorityGrouping)
    HAL_PWREx_EnableOverDrive                0x080006d1   Thumb Code   152  stm32f4xx_hal_pwr_ex.o(i.HAL_PWREx_EnableOverDrive)
    HAL_RCC_ClockConfig                      0x08000775   Thumb Code   446  stm32f4xx_hal_rcc.o(i.HAL_RCC_ClockConfig)
    HAL_RCC_GetHCLKFreq                      0x08000945   Thumb Code     6  stm32f4xx_hal_rcc.o(i.HAL_RCC_GetHCLKFreq)
    HAL_RCC_GetSysClockFreq                  0x08000951   Thumb Code   168  stm32f4xx_hal_rcc.o(i.HAL_RCC_GetSysClockFreq)
    HAL_RCC_OscConfig                        0x08000a05   Thumb Code  1090  stm32f4xx_hal_rcc.o(i.HAL_RCC_OscConfig)
    HAL_SYSTICK_CLKSourceConfig              0x08000e51   Thumb Code    40  stm32f4xx_hal_cortex.o(i.HAL_SYSTICK_CLKSourceConfig)
    HAL_SYSTICK_Callback                     0x08000e79   Thumb Code     2  stm32f4xx_hal_cortex.o(i.HAL_SYSTICK_Callback)
    HAL_SYSTICK_Config                       0x08000e7b   Thumb Code    52  stm32f4xx_hal_cortex.o(i.HAL_SYSTICK_Config)
    HAL_SYSTICK_IRQHandler                   0x08000eaf   Thumb Code     8  stm32f4xx_hal_cortex.o(i.HAL_SYSTICK_IRQHandler)
    HardFault_Handler                        0x08000eb7   Thumb Code     4  stm32f4xx_it.o(i.HardFault_Handler)
    IIC_Start                                0x08000ebd   Thumb Code    46  myiic.o(i.IIC_Start)
    IIC_Stop                                 0x08000ef1   Thumb Code    46  myiic.o(i.IIC_Stop)
    MX_GPIO_Init                             0x08000f25   Thumb Code   162  gpio.o(i.MX_GPIO_Init)
    MemManage_Handler                        0x08000fd5   Thumb Code     4  stm32f4xx_it.o(i.MemManage_Handler)
    NMI_Handler                              0x08000fd9   Thumb Code     2  stm32f4xx_it.o(i.NMI_Handler)
    OLED_Fill                                0x08001015   Thumb Code    58  oled.o(i.OLED_Fill)
    OLED_Init                                0x0800104f   Thumb Code   194  oled.o(i.OLED_Init)
    OLED_Refresh_Gram                        0x08001111   Thumb Code    62  oled.o(i.OLED_Refresh_Gram)
    OLED_Set_Pos                             0x08001155   Thumb Code    40  oled.o(i.OLED_Set_Pos)
    OLED_Test                                0x0800117d   Thumb Code    48  oled.o(i.OLED_Test)
    OLED_WrCmd                               0x080011b1   Thumb Code    32  oled.o(i.OLED_WrCmd)
    OLED_WrDat                               0x080011d1   Thumb Code    32  oled.o(i.OLED_WrDat)
    PendSV_Handler                           0x080011f1   Thumb Code     2  stm32f4xx_it.o(i.PendSV_Handler)
    SVC_Handler                              0x080011f3   Thumb Code     2  stm32f4xx_it.o(i.SVC_Handler)
    SysTick_Handler                          0x080011f5   Thumb Code    12  stm32f4xx_it.o(i.SysTick_Handler)
    SystemClock_Config                       0x08001201   Thumb Code   212  main.o(i.SystemClock_Config)
    SystemInit                               0x080012f1   Thumb Code    82  system_stm32f4xx.o(i.SystemInit)
    UsageFault_Handler                       0x08001355   Thumb Code     4  stm32f4xx_it.o(i.UsageFault_Handler)
    Write_IIC_Byte                           0x08001359   Thumb Code   102  myiic.o(i.Write_IIC_Byte)
    _Error_Handler                           0x080013c5   Thumb Code     4  main.o(i._Error_Handler)
    delay                                    0x080013c9   Thumb Code    22  myiic.o(i.delay)
    main                                     0x080013e1   Thumb Code    42  main.o(i.main)
    _fp_init                                 0x08001411   Thumb Code    10  fpinit.o(x$fpl$fpinit)
    __fplib_config_fpu_vfp                   0x08001419   Thumb Code     0  fpinit.o(x$fpl$fpinit)
    __fplib_config_pureend_doubles           0x08001419   Thumb Code     0  fpinit.o(x$fpl$fpinit)
    AHBPrescTable                            0x0800141a   Data          16  system_stm32f4xx.o(.constdata)
    APBPrescTable                            0x0800142a   Data           8  system_stm32f4xx.o(.constdata)
    Region$$Table$$Base                      0x08001434   Number         0  anon$$obj.o(Region$$Table)
    Region$$Table$$Limit                     0x08001454   Number         0  anon$$obj.o(Region$$Table)
    uwTick                                   0x20000000   Data           4  stm32f4xx_hal.o(.data)
    SystemCoreClock                          0x20000004   Data           4  system_stm32f4xx.o(.data)
    OLED_GRAM                                0x20000008   Data        1024  oled.o(.bss)
    __libspace_start                         0x20000408   Data          96  libspace.o(.bss)
    __temporary_stack_top$libspace           0x20000468   Data           0  libspace.o(.bss)



==============================================================================

Memory Map of the image

  Image Entry point : 0x080001ad

  Load Region LR_IROM1 (Base: 0x08000000, Size: 0x0000145c, Max: 0x00200000, ABSOLUTE)

    Execution Region ER_IROM1 (Base: 0x08000000, Size: 0x00001454, Max: 0x00200000, ABSOLUTE)

    Base Addr    Size         Type   Attr      Idx    E Section Name        Object

    0x08000000   0x000001ac   Data   RO         2388    RESET               startup_stm32f429xx.o
    0x080001ac   0x00000008   Code   RO         2734  * !!!main             c_w.l(__main.o)
    0x080001b4   0x00000034   Code   RO         2890    !!!scatter          c_w.l(__scatter.o)
    0x080001e8   0x0000001a   Code   RO         2892    !!handler_copy      c_w.l(__scatter_copy.o)
    0x08000202   0x00000002   PAD
    0x08000204   0x0000001c   Code   RO         2894    !!handler_zi        c_w.l(__scatter_zi.o)
    0x08000220   0x00000002   Code   RO         2761    .ARM.Collect$$libinit$$00000000  c_w.l(libinit.o)
    0x08000222   0x00000004   Code   RO         2767    .ARM.Collect$$libinit$$00000001  c_w.l(libinit2.o)
    0x08000226   0x00000000   Code   RO         2770    .ARM.Collect$$libinit$$00000004  c_w.l(libinit2.o)
    0x08000226   0x00000000   Code   RO         2773    .ARM.Collect$$libinit$$0000000A  c_w.l(libinit2.o)
    0x08000226   0x00000000   Code   RO         2775    .ARM.Collect$$libinit$$0000000C  c_w.l(libinit2.o)
    0x08000226   0x00000000   Code   RO         2777    .ARM.Collect$$libinit$$0000000E  c_w.l(libinit2.o)
    0x08000226   0x00000000   Code   RO         2780    .ARM.Collect$$libinit$$00000011  c_w.l(libinit2.o)
    0x08000226   0x00000000   Code   RO         2782    .ARM.Collect$$libinit$$00000013  c_w.l(libinit2.o)
    0x08000226   0x00000000   Code   RO         2784    .ARM.Collect$$libinit$$00000015  c_w.l(libinit2.o)
    0x08000226   0x00000000   Code   RO         2786    .ARM.Collect$$libinit$$00000017  c_w.l(libinit2.o)
    0x08000226   0x00000000   Code   RO         2788    .ARM.Collect$$libinit$$00000019  c_w.l(libinit2.o)
    0x08000226   0x00000000   Code   RO         2790    .ARM.Collect$$libinit$$0000001B  c_w.l(libinit2.o)
    0x08000226   0x00000000   Code   RO         2792    .ARM.Collect$$libinit$$0000001D  c_w.l(libinit2.o)
    0x08000226   0x00000000   Code   RO         2794    .ARM.Collect$$libinit$$0000001F  c_w.l(libinit2.o)
    0x08000226   0x00000000   Code   RO         2796    .ARM.Collect$$libinit$$00000021  c_w.l(libinit2.o)
    0x08000226   0x00000000   Code   RO         2798    .ARM.Collect$$libinit$$00000023  c_w.l(libinit2.o)
    0x08000226   0x00000000   Code   RO         2800    .ARM.Collect$$libinit$$00000025  c_w.l(libinit2.o)
    0x08000226   0x00000000   Code   RO         2804    .ARM.Collect$$libinit$$0000002C  c_w.l(libinit2.o)
    0x08000226   0x00000000   Code   RO         2806    .ARM.Collect$$libinit$$0000002E  c_w.l(libinit2.o)
    0x08000226   0x00000000   Code   RO         2808    .ARM.Collect$$libinit$$00000030  c_w.l(libinit2.o)
    0x08000226   0x00000000   Code   RO         2810    .ARM.Collect$$libinit$$00000032  c_w.l(libinit2.o)
    0x08000226   0x00000002   Code   RO         2811    .ARM.Collect$$libinit$$00000033  c_w.l(libinit2.o)
    0x08000228   0x00000002   Code   RO         2831    .ARM.Collect$$libshutdown$$00000000  c_w.l(libshutdown.o)
    0x0800022a   0x00000000   Code   RO         2845    .ARM.Collect$$libshutdown$$00000003  c_w.l(libshutdown2.o)
    0x0800022a   0x00000000   Code   RO         2848    .ARM.Collect$$libshutdown$$00000006  c_w.l(libshutdown2.o)
    0x0800022a   0x00000000   Code   RO         2851    .ARM.Collect$$libshutdown$$00000009  c_w.l(libshutdown2.o)
    0x0800022a   0x00000000   Code   RO         2853    .ARM.Collect$$libshutdown$$0000000B  c_w.l(libshutdown2.o)
    0x0800022a   0x00000000   Code   RO         2856    .ARM.Collect$$libshutdown$$0000000E  c_w.l(libshutdown2.o)
    0x0800022a   0x00000002   Code   RO         2857    .ARM.Collect$$libshutdown$$0000000F  c_w.l(libshutdown2.o)
    0x0800022c   0x00000000   Code   RO         2736    .ARM.Collect$$rtentry$$00000000  c_w.l(__rtentry.o)
    0x0800022c   0x00000000   Code   RO         2738    .ARM.Collect$$rtentry$$00000002  c_w.l(__rtentry2.o)
    0x0800022c   0x00000006   Code   RO         2750    .ARM.Collect$$rtentry$$00000004  c_w.l(__rtentry4.o)
    0x08000232   0x00000000   Code   RO         2740    .ARM.Collect$$rtentry$$00000009  c_w.l(__rtentry2.o)
    0x08000232   0x00000004   Code   RO         2741    .ARM.Collect$$rtentry$$0000000A  c_w.l(__rtentry2.o)
    0x08000236   0x00000000   Code   RO         2743    .ARM.Collect$$rtentry$$0000000C  c_w.l(__rtentry2.o)
    0x08000236   0x00000008   Code   RO         2744    .ARM.Collect$$rtentry$$0000000D  c_w.l(__rtentry2.o)
    0x0800023e   0x00000002   Code   RO         2765    .ARM.Collect$$rtexit$$00000000  c_w.l(rtexit.o)
    0x08000240   0x00000000   Code   RO         2813    .ARM.Collect$$rtexit$$00000002  c_w.l(rtexit2.o)
    0x08000240   0x00000004   Code   RO         2814    .ARM.Collect$$rtexit$$00000003  c_w.l(rtexit2.o)
    0x08000244   0x00000006   Code   RO         2815    .ARM.Collect$$rtexit$$00000004  c_w.l(rtexit2.o)
    0x0800024a   0x00000002   PAD
    0x0800024c   0x00000040   Code   RO         2389    .text               startup_stm32f429xx.o
    0x0800028c   0x00000006   Code   RO         2732    .text               c_w.l(heapauxi.o)
    0x08000292   0x0000004a   Code   RO         2752    .text               c_w.l(sys_stackheap_outer.o)
    0x080002dc   0x0000000c   Code   RO         2754    .text               c_w.l(exit.o)
    0x080002e8   0x00000008   Code   RO         2762    .text               c_w.l(libspace.o)
    0x080002f0   0x0000000c   Code   RO         2823    .text               c_w.l(sys_exit.o)
    0x080002fc   0x00000002   Code   RO         2834    .text               c_w.l(use_no_semi.o)
    0x080002fe   0x00000000   Code   RO         2836    .text               c_w.l(indicate_semi.o)
    0x080002fe   0x00000004   Code   RO         2492    i.BusFault_Handler  stm32f4xx_it.o
    0x08000302   0x00000002   Code   RO         2493    i.DebugMon_Handler  stm32f4xx_it.o
    0x08000304   0x0000001e   Code   RO           11    i.HAL_Delay         stm32f4xx_hal.o
    0x08000322   0x00000002   PAD
    0x08000324   0x0000021c   Code   RO         1138    i.HAL_GPIO_Init     stm32f4xx_hal_gpio.o
    0x08000540   0x00000008   Code   RO         1141    i.HAL_GPIO_TogglePin  stm32f4xx_hal_gpio.o
    0x08000548   0x0000000c   Code   RO         1142    i.HAL_GPIO_WritePin  stm32f4xx_hal_gpio.o
    0x08000554   0x0000000c   Code   RO           19    i.HAL_GetTick       stm32f4xx_hal.o
    0x08000560   0x00000010   Code   RO           21    i.HAL_IncTick       stm32f4xx_hal.o
    0x08000570   0x0000003c   Code   RO           22    i.HAL_Init          stm32f4xx_hal.o
    0x080005ac   0x00000028   Code   RO           23    i.HAL_InitTick      stm32f4xx_hal.o
    0x080005d4   0x00000056   Code   RO         2468    i.HAL_MspInit       stm32f4xx_hal_msp.o
    0x0800062a   0x0000007c   Code   RO          339    i.HAL_NVIC_SetPriority  stm32f4xx_hal_cortex.o
    0x080006a6   0x00000002   PAD
    0x080006a8   0x00000028   Code   RO          340    i.HAL_NVIC_SetPriorityGrouping  stm32f4xx_hal_cortex.o
    0x080006d0   0x000000a4   Code   RO         1651    i.HAL_PWREx_EnableOverDrive  stm32f4xx_hal_pwr_ex.o
    0x08000774   0x000001d0   Code   RO         1736    i.HAL_RCC_ClockConfig  stm32f4xx_hal_rcc.o
    0x08000944   0x0000000c   Code   RO         1741    i.HAL_RCC_GetHCLKFreq  stm32f4xx_hal_rcc.o
    0x08000950   0x000000b4   Code   RO         1745    i.HAL_RCC_GetSysClockFreq  stm32f4xx_hal_rcc.o
    0x08000a04   0x0000044c   Code   RO         1748    i.HAL_RCC_OscConfig  stm32f4xx_hal_rcc.o
    0x08000e50   0x00000028   Code   RO          342    i.HAL_SYSTICK_CLKSourceConfig  stm32f4xx_hal_cortex.o
    0x08000e78   0x00000002   Code   RO          343    i.HAL_SYSTICK_Callback  stm32f4xx_hal_cortex.o
    0x08000e7a   0x00000034   Code   RO          344    i.HAL_SYSTICK_Config  stm32f4xx_hal_cortex.o
    0x08000eae   0x00000008   Code   RO          345    i.HAL_SYSTICK_IRQHandler  stm32f4xx_hal_cortex.o
    0x08000eb6   0x00000004   Code   RO         2494    i.HardFault_Handler  stm32f4xx_it.o
    0x08000eba   0x00000002   PAD
    0x08000ebc   0x00000034   Code   RO         2604    i.IIC_Start         myiic.o
    0x08000ef0   0x00000034   Code   RO         2605    i.IIC_Stop          myiic.o
    0x08000f24   0x000000b0   Code   RO         2396    i.MX_GPIO_Init      gpio.o
    0x08000fd4   0x00000004   Code   RO         2495    i.MemManage_Handler  stm32f4xx_it.o
    0x08000fd8   0x00000002   Code   RO         2496    i.NMI_Handler       stm32f4xx_it.o
    0x08000fda   0x00000002   PAD
    0x08000fdc   0x00000010   Code   RO          346    i.NVIC_GetPriorityGrouping  stm32f4xx_hal_cortex.o
    0x08000fec   0x00000028   Code   RO          347    i.NVIC_SetPriority  stm32f4xx_hal_cortex.o
    0x08001014   0x0000003a   Code   RO         2649    i.OLED_Fill         oled.o
    0x0800104e   0x000000c2   Code   RO         2651    i.OLED_Init         oled.o
    0x08001110   0x00000044   Code   RO         2652    i.OLED_Refresh_Gram  oled.o
    0x08001154   0x00000028   Code   RO         2653    i.OLED_Set_Pos      oled.o
    0x0800117c   0x00000034   Code   RO         2654    i.OLED_Test         oled.o
    0x080011b0   0x00000020   Code   RO         2655    i.OLED_WrCmd        oled.o
    0x080011d0   0x00000020   Code   RO         2656    i.OLED_WrDat        oled.o
    0x080011f0   0x00000002   Code   RO         2497    i.PendSV_Handler    stm32f4xx_it.o
    0x080011f2   0x00000002   Code   RO         2498    i.SVC_Handler       stm32f4xx_it.o
    0x080011f4   0x0000000c   Code   RO         2499    i.SysTick_Handler   stm32f4xx_it.o
    0x08001200   0x000000f0   Code   RO         2423    i.SystemClock_Config  main.o
    0x080012f0   0x00000064   Code   RO         2568    i.SystemInit        system_stm32f4xx.o
    0x08001354   0x00000004   Code   RO         2500    i.UsageFault_Handler  stm32f4xx_it.o
    0x08001358   0x0000006c   Code   RO         2606    i.Write_IIC_Byte    myiic.o
    0x080013c4   0x00000004   Code   RO         2424    i._Error_Handler    main.o
    0x080013c8   0x00000016   Code   RO         2607    i.delay             myiic.o
    0x080013de   0x00000002   PAD
    0x080013e0   0x00000030   Code   RO         2425    i.main              main.o
    0x08001410   0x0000000a   Code   RO         2821    x$fpl$fpinit        fz_wm.l(fpinit.o)
    0x0800141a   0x00000018   Data   RO         2569    .constdata          system_stm32f4xx.o
    0x08001432   0x00000002   PAD
    0x08001434   0x00000020   Data   RO         2888    Region$$Table       anon$$obj.o


    Execution Region RW_IRAM1 (Base: 0x20000000, Size: 0x00000a68, Max: 0x00030000, ABSOLUTE)

    Base Addr    Size         Type   Attr      Idx    E Section Name        Object

    0x20000000   0x00000004   Data   RW           28    .data               stm32f4xx_hal.o
    0x20000004   0x00000004   Data   RW         2570    .data               system_stm32f4xx.o
    0x20000008   0x00000400   Zero   RW         2657    .bss                oled.o
    0x20000408   0x00000060   Zero   RW         2763    .bss                c_w.l(libspace.o)
    0x20000468   0x00000200   Zero   RW         2387    HEAP                startup_stm32f429xx.o
    0x20000668   0x00000400   Zero   RW         2386    STACK               startup_stm32f429xx.o


==============================================================================

Image component sizes


      Code (inc. data)   RO Data    RW Data    ZI Data      Debug   Object Name

       176         14          0          0          0        923   gpio.o
       292         34          0          0          0       2369   main.o
       234         18          0          0          0       1992   myiic.o
       476         10          0          0       1024       4241   oled.o
        64         26        428          0       1536        816   startup_stm32f429xx.o
       158         20          0          4          0     689399   stm32f4xx_hal.o
       322         22          0          0          0      31320   stm32f4xx_hal_cortex.o
       560         54          0          0          0       2645   stm32f4xx_hal_gpio.o
        86          0          0          0          0        506   stm32f4xx_hal_msp.o
       164         12          0          0          0       1128   stm32f4xx_hal_pwr_ex.o
      1756         64          0          0          0       3930   stm32f4xx_hal_rcc.o
        36          0          0          0          0       4106   stm32f4xx_it.o
       100         18         24          4          0       1107   system_stm32f4xx.o

    ----------------------------------------------------------------------
      4434        292        486          8       2560     744482   Object Totals
         0          0         32          0          0          0   (incl. Generated)
        10          0          2          0          0          0   (incl. Padding)

    ----------------------------------------------------------------------

      Code (inc. data)   RO Data    RW Data    ZI Data      Debug   Library Member Name

         8          0          0          0          0         68   __main.o
         0          0          0          0          0          0   __rtentry.o
        12          0          0          0          0          0   __rtentry2.o
         6          0          0          0          0          0   __rtentry4.o
        52          8          0          0          0          0   __scatter.o
        26          0          0          0          0          0   __scatter_copy.o
        28          0          0          0          0          0   __scatter_zi.o
        12          0          0          0          0         72   exit.o
         6          0          0          0          0        152   heapauxi.o
         0          0          0          0          0          0   indicate_semi.o
         2          0          0          0          0          0   libinit.o
         6          0          0          0          0          0   libinit2.o
         2          0          0          0          0          0   libshutdown.o
         2          0          0          0          0          0   libshutdown2.o
         8          4          0          0         96         68   libspace.o
         2          0          0          0          0          0   rtexit.o
        10          0          0          0          0          0   rtexit2.o
        12          4          0          0          0         68   sys_exit.o
        74          0          0          0          0         80   sys_stackheap_outer.o
         2          0          0          0          0         68   use_no_semi.o
        10          0          0          0          0        116   fpinit.o

    ----------------------------------------------------------------------
       284         16          0          0         96        692   Library Totals
         4          0          0          0          0          0   (incl. Padding)

    ----------------------------------------------------------------------

      Code (inc. data)   RO Data    RW Data    ZI Data      Debug   Library Name

       270         16          0          0         96        576   c_w.l
        10          0          0          0          0        116   fz_wm.l

    ----------------------------------------------------------------------
       284         16          0          0         96        692   Library Totals

    ----------------------------------------------------------------------

==============================================================================


      Code (inc. data)   RO Data    RW Data    ZI Data      Debug   

      4718        308        486          8       2656     740918   Grand Totals
      4718        308        486          8       2656     740918   ELF Image Totals
      4718        308        486          8          0          0   ROM Totals

==============================================================================

    Total RO  Size (Code + RO Data)                 5204 (   5.08kB)
    Total RW  Size (RW Data + ZI Data)              2664 (   2.60kB)
    Total ROM Size (Code + RO Data + RW Data)       5212 (   5.09kB)

==============================================================================

